Archive member included because of file (symbol)

c:/coocox/gcc-arm-none-eabi-4_8-2014q3-20140805-win32/bin/../lib/gcc/arm-none-eabi/4.8.4/../../../../arm-none-eabi/lib/armv7-m\libm.a(lib_a-s_floor.o)
                              ..\obj\stmSi5351ClockGen.o (floor)
c:/coocox/gcc-arm-none-eabi-4_8-2014q3-20140805-win32/bin/../lib/gcc/arm-none-eabi/4.8.4/../../../../arm-none-eabi/lib/armv7-m\libm.a(lib_a-s_rint.o)
                              ..\obj\stmMCP4725DACi2c.o (rint)
c:/coocox/gcc-arm-none-eabi-4_8-2014q3-20140805-win32/bin/../lib/gcc/arm-none-eabi/4.8.4/../../../../arm-none-eabi/lib/armv7-m\libm.a(lib_a-s_trunc.o)
                              ..\obj\yUtil.o (trunc)
c:/coocox/gcc-arm-none-eabi-4_8-2014q3-20140805-win32/bin/../lib/gcc/arm-none-eabi/4.8.4/../../../../arm-none-eabi/lib/armv7-m\libm.a(lib_a-sf_cos.o)
                              ..\obj\Bldc_Drv8313Loop.o (cosf)
c:/coocox/gcc-arm-none-eabi-4_8-2014q3-20140805-win32/bin/../lib/gcc/arm-none-eabi/4.8.4/../../../../arm-none-eabi/lib/armv7-m\libm.a(lib_a-sf_sin.o)
                              ..\obj\stmMCP4725DACi2c.o (sinf)
c:/coocox/gcc-arm-none-eabi-4_8-2014q3-20140805-win32/bin/../lib/gcc/arm-none-eabi/4.8.4/../../../../arm-none-eabi/lib/armv7-m\libm.a(lib_a-w_fmod.o)
                              ..\obj\ad9833_stm.o (fmod)
c:/coocox/gcc-arm-none-eabi-4_8-2014q3-20140805-win32/bin/../lib/gcc/arm-none-eabi/4.8.4/../../../../arm-none-eabi/lib/armv7-m\libm.a(lib_a-w_pow.o)
                              ..\obj\dh11TempSensor.o (pow)
c:/coocox/gcc-arm-none-eabi-4_8-2014q3-20140805-win32/bin/../lib/gcc/arm-none-eabi/4.8.4/../../../../arm-none-eabi/lib/armv7-m\libm.a(lib_a-w_sqrt.o)
                              ..\obj\dh11TempSensor.o (sqrt)
c:/coocox/gcc-arm-none-eabi-4_8-2014q3-20140805-win32/bin/../lib/gcc/arm-none-eabi/4.8.4/../../../../arm-none-eabi/lib/armv7-m\libm.a(lib_a-wf_atan2.o)
                              ..\obj\stmHmc5883Compass.o (atan2f)
c:/coocox/gcc-arm-none-eabi-4_8-2014q3-20140805-win32/bin/../lib/gcc/arm-none-eabi/4.8.4/../../../../arm-none-eabi/lib/armv7-m\libm.a(lib_a-wf_sqrt.o)
                              ..\obj\stmHmc5883Compass.o (sqrtf)
c:/coocox/gcc-arm-none-eabi-4_8-2014q3-20140805-win32/bin/../lib/gcc/arm-none-eabi/4.8.4/../../../../arm-none-eabi/lib/armv7-m\libm.a(lib_a-e_fmod.o)
                              c:/coocox/gcc-arm-none-eabi-4_8-2014q3-20140805-win32/bin/../lib/gcc/arm-none-eabi/4.8.4/../../../../arm-none-eabi/lib/armv7-m\libm.a(lib_a-w_fmod.o) (__ieee754_fmod)
c:/coocox/gcc-arm-none-eabi-4_8-2014q3-20140805-win32/bin/../lib/gcc/arm-none-eabi/4.8.4/../../../../arm-none-eabi/lib/armv7-m\libm.a(lib_a-e_pow.o)
                              c:/coocox/gcc-arm-none-eabi-4_8-2014q3-20140805-win32/bin/../lib/gcc/arm-none-eabi/4.8.4/../../../../arm-none-eabi/lib/armv7-m\libm.a(lib_a-w_pow.o) (__ieee754_pow)
c:/coocox/gcc-arm-none-eabi-4_8-2014q3-20140805-win32/bin/../lib/gcc/arm-none-eabi/4.8.4/../../../../arm-none-eabi/lib/armv7-m\libm.a(lib_a-e_sqrt.o)
                              c:/coocox/gcc-arm-none-eabi-4_8-2014q3-20140805-win32/bin/../lib/gcc/arm-none-eabi/4.8.4/../../../../arm-none-eabi/lib/armv7-m\libm.a(lib_a-w_sqrt.o) (__ieee754_sqrt)
c:/coocox/gcc-arm-none-eabi-4_8-2014q3-20140805-win32/bin/../lib/gcc/arm-none-eabi/4.8.4/../../../../arm-none-eabi/lib/armv7-m\libm.a(lib_a-ef_atan2.o)
                              c:/coocox/gcc-arm-none-eabi-4_8-2014q3-20140805-win32/bin/../lib/gcc/arm-none-eabi/4.8.4/../../../../arm-none-eabi/lib/armv7-m\libm.a(lib_a-wf_atan2.o) (__ieee754_atan2f)
c:/coocox/gcc-arm-none-eabi-4_8-2014q3-20140805-win32/bin/../lib/gcc/arm-none-eabi/4.8.4/../../../../arm-none-eabi/lib/armv7-m\libm.a(lib_a-ef_rem_pio2.o)
                              c:/coocox/gcc-arm-none-eabi-4_8-2014q3-20140805-win32/bin/../lib/gcc/arm-none-eabi/4.8.4/../../../../arm-none-eabi/lib/armv7-m\libm.a(lib_a-sf_cos.o) (__ieee754_rem_pio2f)
c:/coocox/gcc-arm-none-eabi-4_8-2014q3-20140805-win32/bin/../lib/gcc/arm-none-eabi/4.8.4/../../../../arm-none-eabi/lib/armv7-m\libm.a(lib_a-ef_sqrt.o)
                              c:/coocox/gcc-arm-none-eabi-4_8-2014q3-20140805-win32/bin/../lib/gcc/arm-none-eabi/4.8.4/../../../../arm-none-eabi/lib/armv7-m\libm.a(lib_a-wf_sqrt.o) (__ieee754_sqrtf)
c:/coocox/gcc-arm-none-eabi-4_8-2014q3-20140805-win32/bin/../lib/gcc/arm-none-eabi/4.8.4/../../../../arm-none-eabi/lib/armv7-m\libm.a(lib_a-kf_cos.o)
                              c:/coocox/gcc-arm-none-eabi-4_8-2014q3-20140805-win32/bin/../lib/gcc/arm-none-eabi/4.8.4/../../../../arm-none-eabi/lib/armv7-m\libm.a(lib_a-sf_cos.o) (__kernel_cosf)
c:/coocox/gcc-arm-none-eabi-4_8-2014q3-20140805-win32/bin/../lib/gcc/arm-none-eabi/4.8.4/../../../../arm-none-eabi/lib/armv7-m\libm.a(lib_a-kf_rem_pio2.o)
                              c:/coocox/gcc-arm-none-eabi-4_8-2014q3-20140805-win32/bin/../lib/gcc/arm-none-eabi/4.8.4/../../../../arm-none-eabi/lib/armv7-m\libm.a(lib_a-ef_rem_pio2.o) (__kernel_rem_pio2f)
[...]
Memory Configuration

Name             Origin             Length             Attributes
rom              0x08000000         0x00010000         xr
ram              0x20000000         0x00005000         xrw
*default*        0x00000000         0xffffffff

Linker script and memory map

LOAD c:/coocox/gcc-arm-none-eabi-4_8-2014q3-20140805-win32/bin/../lib/gcc/arm-none-eabi/4.8.4/armv7-m/crti.o
LOAD c:/coocox/gcc-arm-none-eabi-4_8-2014q3-20140805-win32/bin/../lib/gcc/arm-none-eabi/4.8.4/armv7-m/crtbegin.o
LOAD c:/coocox/gcc-arm-none-eabi-4_8-2014q3-20140805-win32/bin/../lib/gcc/arm-none-eabi/4.8.4/../../../../arm-none-eabi/lib/armv7-m/crt0.o
                0x20005000                _eram = 0x20005000

.text           0x08000000     0x7940
 *(.isr_vector)
 .isr_vector    0x08000000      0x10c ..\obj\startup_stm32f10x_cl.o
                0x08000000                g_pfnVectors
 *(.text*)
 .text          0x0800010c       0x54 c:/coocox/gcc-arm-none-eabi-4_8-2014q3-20140805-win32/bin/../lib/gcc/arm-none-eabi/4.8.4/armv7-m/crtbegin.o
 .text.stmUser_LED_GPIO_setup
                0x08000160       0x60 ..\obj\blinky.o
                0x08000160                stmUser_LED_GPIO_setup
 .text.stmBeepPC13_setup
                0x080001c0       0x30 ..\obj\blinky.o
                0x080001c0                stmBeepPC13_setup
 .text.stmBlinkyAndPrintfLoop
                0x080001f0       0x4c ..\obj\blinky.o
                0x080001f0                stmBlinkyAndPrintfLoop
 .text.stmDrv8833_PWM_Config
                0x0800023c       0xec ..\obj\DualH_Drv8833MotorLoop.o
                0x0800023c                stmDrv8833_PWM_Config
 .text.stmDrv8833_standby
                0x08000328       0x14 ..\obj\DualH_Drv8833MotorLoop.o
                0x08000328                stmDrv8833_standby
 .text.stmDrv8833_Config
                0x0800033c       0x58 ..\obj\DualH_Drv8833MotorLoop.o
                0x0800033c                stmDrv8833_Config
 .text.stmDrv8833Loop
                0x08000394       0x68 ..\obj\DualH_Drv8833MotorLoop.o
                0x08000394                stmDrv8833Loop
 .text.Standard_GetConfiguration
                0x080003fc       0x3c ..\obj\usb_core.o
                0x080003fc                Standard_GetConfiguration
 .text.Standard_SetConfiguration
                0x08000438       0x50 ..\obj\usb_core.o
                0x08000438                Standard_SetConfiguration
 .text.Standard_GetInterface
                0x08000488       0x3c ..\obj\usb_core.o
                0x08000488                Standard_GetInterface
 .text.Standard_SetInterface
                0x080004c4       0x8c ..\obj\usb_core.o
                0x080004c4                Standard_SetInterface
 .text.Standard_GetStatus
                0x08000550      0x138 ..\obj\usb_core.o
                0x08000550                Standard_GetStatus
 .text.Standard_ClearFeature
                0x08000688      0x1d8 ..\obj\usb_core.o
                0x08000688                Standard_ClearFeature
 .text.Standard_SetEndPointFeature
                0x08000860      0x118 ..\obj\usb_core.o
                0x08000860                Standard_SetEndPointFeature
 .text.Standard_SetDeviceFeature
                0x08000978       0x2c ..\obj\usb_core.o
                0x08000978                Standard_SetDeviceFeature
 .text.Standard_GetDescriptorData
                0x080009a4       0x48 ..\obj\usb_core.o
                0x080009a4                Standard_GetDescriptorData
 .text.DataStageOut
                0x080009ec      0x104 ..\obj\usb_core.o
 .text.DataStageIn
                0x08000af0      0x10c ..\obj\usb_core.o
 .text.NoData_Setup0
                0x08000bfc      0x194 ..\obj\usb_core.o
 .text.Data_Setup0
                0x08000d90      0x324 ..\obj\usb_core.o
 .text.Setup0_Process
                0x080010b4       0xd8 ..\obj\usb_core.o
                0x080010b4                Setup0_Process
 .text.In0_Process
                0x0800118c       0x90 ..\obj\usb_core.o
                0x0800118c                In0_Process
 .text.Out0_Process
                0x0800121c       0x74 ..\obj\usb_core.o
                0x0800121c                Out0_Process
 .text.Post0_Process
                0x08001290       0x50 ..\obj\usb_core.o
                0x08001290                Post0_Process
 .text.SetDeviceAddress
                0x080012e0       0x7c ..\obj\usb_core.o
                0x080012e0                SetDeviceAddress
 .text.NOP_Process
                0x0800135c        0xc ..\obj\usb_core.o
                0x0800135c                NOP_Process
 .text.TIM_DeInit
                0x08001368      0x22c ..\obj\stm32f10x_tim.o
                0x08001368                TIM_DeInit
 .text.TIM_TimeBaseInit
                0x08001594       0xf8 ..\obj\stm32f10x_tim.o
                0x08001594                TIM_TimeBaseInit
 .text.TIM_OC4Init
                0x0800168c       0xd0 ..\obj\stm32f10x_tim.o
                0x0800168c                TIM_OC4Init
 .text.TIM_TimeBaseStructInit
                0x0800175c       0x34 ..\obj\stm32f10x_tim.o
                0x0800175c                TIM_TimeBaseStructInit
 .text.TIM_OCStructInit
                0x08001790       0x44 ..\obj\stm32f10x_tim.o
                0x08001790                TIM_OCStructInit
 .text.TIM_Cmd  0x080017d4       0x40 ..\obj\stm32f10x_tim.o
                0x080017d4                TIM_Cmd
 .text.TIM_CtrlPWMOutputs
                0x08001814       0x4c ..\obj\stm32f10x_tim.o
                0x08001814                TIM_CtrlPWMOutputs
 .text.TIM_GetITStatus
                0x08001860       0x54 ..\obj\stm32f10x_tim.o
                0x08001860                TIM_GetITStatus
 .text.TIM_ClearITPendingBit
                0x080018b4       0x20 ..\obj\stm32f10x_tim.o
                0x080018b4                TIM_ClearITPendingBit
 .text.CmdLineProcess
                0x080018d4       0xbc ..\obj\cmdline.o
                0x080018d4                CmdLineProcess
 .text.stmCmd_help
                0x08001990       0x58 ..\obj\cmdline.o
                0x08001990                stmCmd_help
 .text.stmLinFindMsgIndexFromMsgInfoPool
                0x080019e8       0x50 ..\obj\stmLin.o
                0x080019e8                stmLinFindMsgIndexFromMsgInfoPool
 .text.stmLinParser
                0x08001a38       0xf4 ..\obj\stmLin.o
                0x08001a38                stmLinParser
 .text.USART2_IRQHandler
                0x08001b2c      0x198 ..\obj\stmLin.o
                0x08001b2c                USART2_IRQHandler
 .text.CTR_LP   0x08001cc4      0x308 ..\obj\usb_int.o
                0x08001cc4                CTR_LP
 .text.SystemInit
                0x08001fcc       0x68 ..\obj\system_stm32f10x.o
                0x08001fcc                SystemInit
 .text.SetSysClock
                0x08002034        0xc ..\obj\system_stm32f10x.o
 .text.SetSysClockTo72
                0x08002040      0x100 ..\obj\system_stm32f10x.o
 .text.stmEnc28J60EtherSpiConfig
                0x08002140       0x2c ..\obj\stmEnc28J60.o
                0x08002140                stmEnc28J60EtherSpiConfig
 .text.stmEnc28writeOpAndData
                0x0800216c       0x50 ..\obj\stmEnc28J60.o
                0x0800216c                stmEnc28writeOpAndData
 .text.stmEnc28SetBank
                0x080021bc       0x4c ..\obj\stmEnc28J60.o
                0x080021bc                stmEnc28SetBank
 .text.stmEnc28WriteReg8
                0x08002208       0x2c ..\obj\stmEnc28J60.o
                0x08002208                stmEnc28WriteReg8
 .text.stmEnc28WriteRegLH
                0x08002234       0x38 ..\obj\stmEnc28J60.o
                0x08002234                stmEnc28WriteRegLH
 .text.stmEnc28WritePhyLH
                0x0800226c       0x4c ..\obj\stmEnc28J60.o
                0x0800226c                stmEnc28WritePhyLH
 .text.stmEnc28ReadOp8
                0x080022b8       0x60 ..\obj\stmEnc28J60.o
                0x080022b8                stmEnc28ReadOp8
 .text.stmEnc28ReadReg8
                0x08002318       0x28 ..\obj\stmEnc28J60.o
                0x08002318                stmEnc28ReadReg8
 .text.stmEnc28ReadRegLH
                0x08002340       0x34 ..\obj\stmEnc28J60.o
                0x08002340                stmEnc28ReadRegLH
 .text.stmEnc28ReadPhy8
                0x08002374       0x4c ..\obj\stmEnc28J60.o
                0x08002374                stmEnc28ReadPhy8
 .text.stmEnc28ReadPhy16
                0x080023c0       0x4c ..\obj\stmEnc28J60.o
                0x080023c0                stmEnc28ReadPhy16
 .text.stmEnc28ReadBuf
                0x0800240c       0x58 ..\obj\stmEnc28J60.o
                0x0800240c                stmEnc28ReadBuf
 .text.stmEnc28WriteBuf
                0x08002464       0x50 ..\obj\stmEnc28J60.o
                0x08002464                stmEnc28WriteBuf
 .text.stmENC28J60clkOut
                0x080024b4       0x2c ..\obj\stmEnc28J60.o
                0x080024b4                stmENC28J60clkOut
 .text.stmENC28J60isLinkUp
                0x080024e0       0x54 ..\obj\stmEnc28J60.o
                0x080024e0                stmENC28J60isLinkUp
 .text.stmENC28J60ShowPhyRegs
                0x08002534       0xd0 ..\obj\stmEnc28J60.o
                0x08002534                stmENC28J60ShowPhyRegs
 .text.stmENC28J60packetSend
                0x08002604       0x84 ..\obj\stmEnc28J60.o
                0x08002604                stmENC28J60packetSend
 .text.stmENC28J60packetReceive
                0x08002688       0xc8 ..\obj\stmEnc28J60.o
                0x08002688                stmENC28J60packetReceive
 .text.stmEnc28J60enableBroadcast
                0x08002750       0x10 ..\obj\stmEnc28J60.o
                0x08002750                stmEnc28J60enableBroadcast
 .text.stmENC28J60Init
                0x08002760      0x184 ..\obj\stmEnc28J60.o
                0x08002760                stmENC28J60Init
 .text.stmEnc28WaitForLinkUp
                0x080028e4       0x28 ..\obj\stmEnc28J60.o
                0x080028e4                stmEnc28WaitForLinkUp
 .text.stmEnc28J60EtherSpiLoop
                0x0800290c       0xcc ..\obj\stmEnc28J60.o
                0x0800290c                stmEnc28J60EtherSpiLoop
 .text.Leave_LowPowerMode
                0x080029d8       0x34 ..\obj\usbvcpLoop.o
                0x080029d8                Leave_LowPowerMode
 .text.USB_Cable_Config
                0x08002a0c       0x14 ..\obj\usbvcpLoop.o
                0x08002a0c                USB_Cable_Config
 .text.USART_Config_Default
                0x08002a20       0x48 ..\obj\usbvcpLoop.o
                0x08002a20                USART_Config_Default
 .text.USART_Config
                0x08002a68       0xd0 ..\obj\usbvcpLoop.o
                0x08002a68                USART_Config
 .text.USB_To_USART_Send_Data
                0x08002b38       0x4c ..\obj\usbvcpLoop.o
                0x08002b38                USB_To_USART_Send_Data
 .text.Handle_USBAsynchXfer
                0x08002b84       0xe8 ..\obj\usbvcpLoop.o
                0x08002b84                Handle_USBAsynchXfer
 .text.USART_To_USB_Send_Data
                0x08002c6c       0x6c ..\obj\usbvcpLoop.o
                0x08002c6c                USART_To_USB_Send_Data
 .text.Get_SerialNum
                0x08002cd8       0x54 ..\obj\usbvcpLoop.o
                0x08002cd8                Get_SerialNum
 .text.IntToUnicode
                0x08002d2c       0x78 ..\obj\usbvcpLoop.o
 .text.USB_LP_CAN1_RX0_IRQHandler
                0x08002da4        0xc ..\obj\usbvcpLoop.o
                0x08002da4                USB_LP_CAN1_RX0_IRQHandler
 .text.USBWakeUp_IRQHandler
                0x08002db0       0x10 ..\obj\usbvcpLoop.o
                0x08002db0                USBWakeUp_IRQHandler
 .text.USART1_IRQHandler
                0x08002dc0       0x34 ..\obj\usbvcpLoop.o
                0x08002dc0                USART1_IRQHandler
 .text.STM_EVAL_COMInit
                0x08002df4       0xe8 ..\obj\usbvcpLoop.o
                0x08002df4                STM_EVAL_COMInit
 .text.SetBTABLE
                0x08002edc       0x24 ..\obj\usb_regs.o
                0x08002edc                SetBTABLE
 .text.SetEPType
                0x08002f00       0x48 ..\obj\usb_regs.o
                0x08002f00                SetEPType
 .text.SetEPTxStatus
                0x08002f48       0x6c ..\obj\usb_regs.o
                0x08002f48                SetEPTxStatus
 .text.SetEPRxStatus
                0x08002fb4       0x6c ..\obj\usb_regs.o
                0x08002fb4                SetEPRxStatus
 .text.SetEPTxValid
                0x08003020       0x50 ..\obj\usb_regs.o
                0x08003020                SetEPTxValid
 .text.SetEPRxValid
                0x08003070       0x50 ..\obj\usb_regs.o
                0x08003070                SetEPRxValid
 .text.Clear_Status_Out
                0x080030c0       0x50 ..\obj\usb_regs.o
                0x080030c0                Clear_Status_Out
 .text.ClearDTOG_RX
                0x08003110       0x5c ..\obj\usb_regs.o
                0x08003110                ClearDTOG_RX
 .text.ClearDTOG_TX
                0x0800316c       0x5c ..\obj\usb_regs.o
                0x0800316c                ClearDTOG_TX
 .text.SetEPTxAddr
                0x080031c8       0x40 ..\obj\usb_regs.o
                0x080031c8                SetEPTxAddr
 .text.SetEPRxAddr
                0x08003208       0x40 ..\obj\usb_regs.o
                0x08003208                SetEPRxAddr
 .text.GetEPTxAddr
                0x08003248       0x38 ..\obj\usb_regs.o
                0x08003248                GetEPTxAddr
 .text.GetEPRxAddr
                0x08003280       0x38 ..\obj\usb_regs.o
                0x08003280                GetEPRxAddr
 .text.SetEPTxCount
                0x080032b8       0x38 ..\obj\usb_regs.o
                0x080032b8                SetEPTxCount
 .text.SetEPRxCount
                0x080032f0       0x84 ..\obj\usb_regs.o
                0x080032f0                SetEPRxCount
 .text.GetEPRxCount
                0x08003374       0x3c ..\obj\usb_regs.o
                0x08003374                GetEPRxCount
 .text.ByteSwap
                0x080033b0       0x30 ..\obj\usb_regs.o
                0x080033b0                ByteSwap
 .text.PrintCharBsp
                0x080033e0       0x34 ..\obj\yPrintf.o
                0x080033e0                PrintCharBsp
 .text.PutChar  0x08003414       0x20 ..\obj\yPrintf.o
                0x08003414                PutChar
 .text.PutString
                0x08003434       0x3c ..\obj\yPrintf.o
                0x08003434                PutString
 .text.PutUnsignedInt
                0x08003470       0xa0 ..\obj\yPrintf.o
                0x08003470                PutUnsignedInt
 .text.PutSignedInt
                0x08003510       0xfc ..\obj\yPrintf.o
                0x08003510                PutSignedInt
 .text.PutHexa  0x0800360c       0xd4 ..\obj\yPrintf.o
                0x0800360c                PutHexa
 .text.vsnprintf
                0x080036e0      0x254 ..\obj\yPrintf.o
                0x080036e0                vsnprintf
 .text.vsprintf
                0x08003934       0x24 ..\obj\yPrintf.o
                0x08003934                vsprintf
 .text.stm_vfprintf
                0x08003958       0x80 ..\obj\yPrintf.o
                0x08003958                stm_vfprintf
 .text.vprintf  0x080039d8       0x28 ..\obj\yPrintf.o
                0x080039d8                vprintf
 .text.printf   0x08003a00       0x28 ..\obj\yPrintf.o
                0x08003a00                printf
 .text.sprintf  0x08003a28       0x2c ..\obj\yPrintf.o
                0x08003a28                sprintf
 .text.puts     0x08003a54       0x24 ..\obj\yPrintf.o
                0x08003a54                puts
 .text.fputc    0x08003a78       0x40 ..\obj\yPrintf.o
                0x08003a78                fputc
 .text.fputs    0x08003ab8       0x48 ..\obj\yPrintf.o
                0x08003ab8                fputs
 .text.UsartXGetCharNonBlocking
                0x08003b00       0x44 ..\obj\yPrintf.o
                0x08003b00                UsartXGetCharNonBlocking
 .text.UsartXGetStrNonBlocking
                0x08003b44       0x7c ..\obj\yPrintf.o
                0x08003b44                UsartXGetStrNonBlocking
 .text.CAN_Receive
                0x08003bc0      0x170 ..\obj\stm32f10x_can.o
                0x08003bc0                CAN_Receive
 .text.CAN_GetITStatus
                0x08003d30      0x194 ..\obj\stm32f10x_can.o
                0x08003d30                CAN_GetITStatus
 .text.CAN_ClearITPendingBit
                0x08003ec4       0xdc ..\obj\stm32f10x_can.o
                0x08003ec4                CAN_ClearITPendingBit
 .text.CheckITStatus
                0x08003fa0       0x30 ..\obj\stm32f10x_can.o
 .text.GPIO_Init
                0x08003fd0      0x178 ..\obj\stm32f10x_gpio.o
                0x08003fd0                GPIO_Init
 .text.GPIO_ReadInputDataBit
                0x08004148       0x34 ..\obj\stm32f10x_gpio.o
                0x08004148                GPIO_ReadInputDataBit
 .text.GPIO_SetBits
                0x0800417c       0x1c ..\obj\stm32f10x_gpio.o
                0x0800417c                GPIO_SetBits
 .text.GPIO_ResetBits
                0x08004198       0x1c ..\obj\stm32f10x_gpio.o
                0x08004198                GPIO_ResetBits
 .text.GPIO_ToggleBits
                0x080041b4       0x24 ..\obj\stm32f10x_gpio.o
                0x080041b4                GPIO_ToggleBits
 .text.GPIO_PinRemapConfig
                0x080041d8       0xe0 ..\obj\stm32f10x_gpio.o
                0x080041d8                GPIO_PinRemapConfig
 .text.Virtual_Com_Port_init
                0x080042b8       0x2c ..\obj\usb_prop.o
                0x080042b8                Virtual_Com_Port_init
 .text.Virtual_Com_Port_Reset
                0x080042e4       0xf0 ..\obj\usb_prop.o
                0x080042e4                Virtual_Com_Port_Reset
 .text.Virtual_Com_Port_SetConfiguration
                0x080043d4       0x2c ..\obj\usb_prop.o
                0x080043d4                Virtual_Com_Port_SetConfiguration
 .text.Virtual_Com_Port_SetDeviceAddress
                0x08004400       0x18 ..\obj\usb_prop.o
                0x08004400                Virtual_Com_Port_SetDeviceAddress
 .text.Virtual_Com_Port_Status_In
                0x08004418       0x1c ..\obj\usb_prop.o
                0x08004418                Virtual_Com_Port_Status_In
 .text.Virtual_Com_Port_Status_Out
                0x08004434        0xc ..\obj\usb_prop.o
                0x08004434                Virtual_Com_Port_Status_Out
 .text.Virtual_Com_Port_Data_Setup
                0x08004440       0x80 ..\obj\usb_prop.o
                0x08004440                Virtual_Com_Port_Data_Setup
 .text.Virtual_Com_Port_NoData_Setup
                0x080044c0       0x40 ..\obj\usb_prop.o
                0x080044c0                Virtual_Com_Port_NoData_Setup
 .text.Virtual_Com_Port_GetDeviceDescriptor
                0x08004500       0x24 ..\obj\usb_prop.o
                0x08004500                Virtual_Com_Port_GetDeviceDescriptor
 .text.Virtual_Com_Port_GetConfigDescriptor
                0x08004524       0x24 ..\obj\usb_prop.o
                0x08004524                Virtual_Com_Port_GetConfigDescriptor
 .text.Virtual_Com_Port_GetStringDescriptor
                0x08004548       0x40 ..\obj\usb_prop.o
                0x08004548                Virtual_Com_Port_GetStringDescriptor
 .text.Virtual_Com_Port_Get_Interface_Setting
                0x08004588       0x30 ..\obj\usb_prop.o
                0x08004588                Virtual_Com_Port_Get_Interface_Setting
 .text.Virtual_Com_Port_GetLineCoding
                0x080045b8       0x34 ..\obj\usb_prop.o
                0x080045b8                Virtual_Com_Port_GetLineCoding
 .text.Virtual_Com_Port_SetLineCoding
                0x080045ec       0x34 ..\obj\usb_prop.o
                0x080045ec                Virtual_Com_Port_SetLineCoding
 .text.PowerOn  0x08004620       0x50 ..\obj\usb_pwr.o
                0x08004620                PowerOn
 .text.Suspend  0x08004670      0x16c ..\obj\usb_pwr.o
                0x08004670                Suspend
 .text.Resume_Init
                0x080047dc       0x30 ..\obj\usb_pwr.o
                0x080047dc                Resume_Init
 .text.Resume   0x0800480c      0x118 ..\obj\usb_pwr.o
                0x0800480c                Resume
 .text.EXTI0_IRQHandler
                0x08004924       0x24 ..\obj\lis3dh.o
                0x08004924                EXTI0_IRQHandler
 .text.EXTI3_IRQHandler
                0x08004948       0x24 ..\obj\lis3dh.o
                0x08004948                EXTI3_IRQHandler
 .text.TIM2_IRQHandler
                0x0800496c       0x68 ..\obj\dtmf.o
                0x0800496c                TIM2_IRQHandler
 .text.SysTick_Handler
                0x080049d4       0x40 ..\obj\main.o
                0x080049d4                SysTick_Handler
 .text.dtInstall_DebugConsole
                0x08004a14       0x28 ..\obj\main.o
                0x08004a14                dtInstall_DebugConsole
 .text.dtVeryFirstMcuConfigAndInstallDebugConsole
                0x08004a3c       0x48 ..\obj\main.o
                0x08004a3c                dtVeryFirstMcuConfigAndInstallDebugConsole
 .text.main     0x08004a84       0x7c ..\obj\main.o
                0x08004a84                main
 .text.CAN1_RX1_IRQHandler
                0x08004b00       0x78 ..\obj\yCanLoop.o
                0x08004b00                CAN1_RX1_IRQHandler
 .text.stm_I2C_Init
                0x08004b78       0x90 ..\obj\yI2cDrv.o
                0x08004b78                stm_I2C_Init
 .text.RCC_GetSYSCLKSource
                0x08004c08       0x20 ..\obj\stm32f10x_rcc.o
                0x08004c08                RCC_GetSYSCLKSource
 .text.RCC_GetClocksFreq
                0x08004c28      0x164 ..\obj\stm32f10x_rcc.o
                0x08004c28                RCC_GetClocksFreq
 .text.RCC_APB2PeriphClockCmd
                0x08004d8c       0x3c ..\obj\stm32f10x_rcc.o
                0x08004d8c                RCC_APB2PeriphClockCmd
 .text.RCC_APB1PeriphClockCmd
                0x08004dc8       0x3c ..\obj\stm32f10x_rcc.o
                0x08004dc8                RCC_APB1PeriphClockCmd
 .text.RCC_APB2PeriphResetCmd
                0x08004e04       0x3c ..\obj\stm32f10x_rcc.o
                0x08004e04                RCC_APB2PeriphResetCmd
 .text.RCC_APB1PeriphResetCmd
                0x08004e40       0x3c ..\obj\stm32f10x_rcc.o
                0x08004e40                RCC_APB1PeriphResetCmd
 .text.Default_Reset_Handler
                0x08004e7c       0x60 ..\obj\startup_stm32f10x_cl.o
                0x08004e7c                Default_Reset_Handler
                0x08004e7c                Reset_Handler
 .text.Default_Handler
                0x08004edc        0x8 ..\obj\startup_stm32f10x_cl.o
                0x08004edc                EXTI2_IRQHandler
                0x08004edc                DebugMon_Handler
                0x08004edc                TIM1_CC_IRQHandler
                0x08004edc                HardFault_Handler
                0x08004edc                PVD_IRQHandler
                0x08004edc                PendSV_Handler
                0x08004edc                NMI_Handler
                0x08004edc                I2C2_EV_IRQHandler
                0x08004edc                UsageFault_Handler
                0x08004edc                ADC1_2_IRQHandler
                0x08004edc                SPI1_IRQHandler
                0x08004edc                TAMPER_IRQHandler
                0x08004edc                DMA1_Channel4_IRQHandler
                0x08004edc                USART3_IRQHandler
                0x08004edc                RTC_IRQHandler
                0x08004edc                DMA1_Channel7_IRQHandler
                0x08004edc                TIM4_IRQHandler
                0x08004edc                I2C1_EV_IRQHandler
                0x08004edc                DMA1_Channel6_IRQHandler
                0x08004edc                TIM3_IRQHandler
                0x08004edc                RCC_IRQHandler
                0x08004edc                TIM1_TRG_COM_IRQHandler
                0x08004edc                DMA1_Channel1_IRQHandler
                0x08004edc                MemManage_Handler
                0x08004edc                SVC_Handler
                0x08004edc                DMA1_Channel5_IRQHandler
                0x08004edc                USB_HP_CAN1_TX_IRQHandler
                0x08004edc                DMA1_Channel3_IRQHandler
                0x08004edc                TIM1_UP_IRQHandler
                0x08004edc                WWDG_IRQHandler
                0x08004edc                OTG_FS_WKUP_IRQHandler
                0x08004edc                TIM1_BRK_IRQHandler
                0x08004edc                EXTI1_IRQHandler
                0x08004edc                RTCAlarm_IRQHandler
                0x08004edc                I2C2_ER_IRQHandler
                0x08004edc                DMA1_Channel2_IRQHandler
                0x08004edc                CAN1_SCE_IRQHandler
                0x08004edc                FLASH_IRQHandler
                0x08004edc                BusFault_Handler
                0x08004edc                I2C1_ER_IRQHandler
 .text.EXTI_ClearFlag
                0x08004ee4       0x1c ..\obj\stm32f10x_exti.o
                0x08004ee4                EXTI_ClearFlag
 .text.EXTI_GetITStatus
                0x08004f00       0x48 ..\obj\stm32f10x_exti.o
                0x08004f00                EXTI_GetITStatus
 .text.EXTI_ClearITPendingBit
                0x08004f48       0x1c ..\obj\stm32f10x_exti.o
                0x08004f48                EXTI_ClearITPendingBit
 .text.ADC_SoftwareStartConvCmd
                0x08004f64       0x38 ..\obj\stm32f10x_adc.o
                0x08004f64                ADC_SoftwareStartConvCmd
 .text.ADC_GetConversionValue
                0x08004f9c       0x1c ..\obj\stm32f10x_adc.o
                0x08004f9c                ADC_GetConversionValue
 .text.USART_Init
                0x08004fb8      0x174 ..\obj\stm32f10x_usart.o
                0x08004fb8                USART_Init
 .text.USART_Cmd
                0x0800512c       0x40 ..\obj\stm32f10x_usart.o
                0x0800512c                USART_Cmd
 .text.USART_ITConfig
                0x0800516c       0x90 ..\obj\stm32f10x_usart.o
                0x0800516c                USART_ITConfig
 .text.USART_SendData
                0x080051fc       0x24 ..\obj\stm32f10x_usart.o
                0x080051fc                USART_SendData
 .text.USART_ReceiveData
                0x08005220       0x20 ..\obj\stm32f10x_usart.o
                0x08005220                USART_ReceiveData
 .text.USART_GetFlagStatus
                0x08005240       0x38 ..\obj\stm32f10x_usart.o
                0x08005240                USART_GetFlagStatus
 .text.USART_GetITStatus
                0x08005278       0xb0 ..\obj\stm32f10x_usart.o
                0x08005278                USART_GetITStatus
 .text.USART_ClearITPendingBit
                0x08005328       0x38 ..\obj\stm32f10x_usart.o
                0x08005328                USART_ClearITPendingBit
 .text.SPI2_IRQHandler
                0x08005360       0x94 ..\obj\stmArinc429spi.o
                0x08005360                SPI2_IRQHandler
 .text.USB_SIL_Init
                0x080053f4       0x34 ..\obj\usb_sil.o
                0x080053f4                USB_SIL_Init
 .text.USB_SIL_Read
                0x08005428       0x4c ..\obj\usb_sil.o
                0x08005428                USB_SIL_Read
 .text.EXTI4_IRQHandler
                0x08005474       0x24 ..\obj\stmLIS3MDL.o
                0x08005474                EXTI4_IRQHandler
 .text.EXTI9_5_IRQHandler
                0x08005498       0x24 ..\obj\stmLIS3MDL.o
                0x08005498                EXTI9_5_IRQHandler
 .text.EXTI15_10_IRQHandler
                0x080054bc       0x34 ..\obj\tca8418_mcdu.o
                0x080054bc                EXTI15_10_IRQHandler
 .text.EP1_IN_Callback
                0x080054f0       0xa4 ..\obj\usb_endp.o
                0x080054f0                EP1_IN_Callback
 .text.EP3_OUT_Callback
                0x08005594       0x30 ..\obj\usb_endp.o
                0x08005594                EP3_OUT_Callback
 .text.SOF_Callback
                0x080055c4       0x30 ..\obj\usb_endp.o
                0x080055c4                SOF_Callback
 .text.SPI_I2S_DeInit
                0x080055f4       0x74 ..\obj\stm32f10x_spi.o
                0x080055f4                SPI_I2S_DeInit
 .text.SPI_Init
                0x08005668       0x88 ..\obj\stm32f10x_spi.o
                0x08005668                SPI_Init
 .text.SPI_Cmd  0x080056f0       0x40 ..\obj\stm32f10x_spi.o
                0x080056f0                SPI_Cmd
 .text.SPI_I2S_SendData
                0x08005730       0x1c ..\obj\stm32f10x_spi.o
                0x08005730                SPI_I2S_SendData
 .text.SPI_I2S_ReceiveData
                0x0800574c       0x1c ..\obj\stm32f10x_spi.o
                0x0800574c                SPI_I2S_ReceiveData
 .text.SPI_I2S_GetFlagStatus
                0x08005768       0x38 ..\obj\stm32f10x_spi.o
                0x08005768                SPI_I2S_GetFlagStatus
 .text.SPI_I2S_GetITStatus
                0x080057a0       0x78 ..\obj\stm32f10x_spi.o
                0x080057a0                SPI_I2S_GetITStatus
 .text.SPI_I2S_ClearITPendingBit
                0x08005818       0x34 ..\obj\stm32f10x_spi.o
                0x08005818                SPI_I2S_ClearITPendingBit
 .text.I2C_DeInit
                0x0800584c       0x44 ..\obj\stm32f10x_i2c.o
                0x0800584c                I2C_DeInit
 .text.I2C_Init
                0x08005890      0x184 ..\obj\stm32f10x_i2c.o
                0x08005890                I2C_Init
 .text.I2C_Cmd  0x08005a14       0x40 ..\obj\stm32f10x_i2c.o
                0x08005a14                I2C_Cmd
 .text.UserToPMABufferCopy
                0x08005a54       0x74 ..\obj\usb_mem.o
                0x08005a54                UserToPMABufferCopy
 .text.PMAToUserBufferCopy
                0x08005ac8       0x5c ..\obj\usb_mem.o
                0x08005ac8                PMAToUserBufferCopy
 .text.USB_Istr
                0x08005b24      0x228 ..\obj\usb_istr.o
                0x08005b24                USB_Istr
 .text.stmConfigGpioBitbangMDIO
                0x08005d4c       0x7c ..\obj\stmMdioBitBang.o
                0x08005d4c                stmConfigGpioBitbangMDIO
 .text.stmOutputBitStreamMdio
                0x08005dc8       0xb0 ..\obj\stmMdioBitBang.o
 .text.stmTurnaround_MDIO
                0x08005e78       0x74 ..\obj\stmMdioBitBang.o
 .text.stmInputStreamMDIO
                0x08005eec       0x9c ..\obj\stmMdioBitBang.o
 .text.stmMdioRead
                0x08005f88       0x80 ..\obj\stmMdioBitBang.o
                0x08005f88                stmMdioRead
 .text.stmMdioWrite
                0x08006008       0x68 ..\obj\stmMdioBitBang.o
                0x08006008                stmMdioWrite
 .text.stmMdioBitbangCmd_read
                0x08006070       0x80 ..\obj\stmMdioBitBang.o
                0x08006070                stmMdioBitbangCmd_read
 .text.stmMdioBitbangShow_All_BasicRegisters
                0x080060f0       0x60 ..\obj\stmMdioBitBang.o
                0x080060f0                stmMdioBitbangShow_All_BasicRegisters
 .text.stmMdioBitbangCmd_readAll
                0x08006150       0x24 ..\obj\stmMdioBitBang.o
                0x08006150                stmMdioBitbangCmd_readAll
 .text.stmMdioBitbangCmd_help
                0x08006174       0x60 ..\obj\stmMdioBitBang.o
                0x08006174                stmMdioBitbangCmd_help
 .text.stmMdioBitbangCmd_handler
                0x080061d4       0x78 ..\obj\stmMdioBitBang.o
                0x080061d4                stmMdioBitbangCmd_handler
 .text.stmMdioBitbangCmd_SetPhyAddrAndInitConfig
                0x0800624c       0x44 ..\obj\stmMdioBitBang.o
                0x0800624c                stmMdioBitbangCmd_SetPhyAddrAndInitConfig
 .text.stmMdioBitbangCmd_write
                0x08006290       0x78 ..\obj\stmMdioBitBang.o
                0x08006290                stmMdioBitbangCmd_write
 .text.stmMdioBitbangLoop
                0x08006308       0x54 ..\obj\stmMdioBitBang.o
                0x08006308                stmMdioBitbangLoop
 .text.stmSPI2_Config
                0x0800635c      0x1e0 ..\obj\ySpiDrv.o
                0x0800635c                stmSPI2_Config
 .text.stmSpi2WrByte
                0x0800653c       0x50 ..\obj\ySpiDrv.o
                0x0800653c                stmSpi2WrByte
 .text.stmSpi2RdByte
                0x0800658c       0x4c ..\obj\ySpiDrv.o
                0x0800658c                stmSpi2RdByte
 .text.stmUsart1_Init
                0x080065d8       0x80 ..\obj\usart.o
                0x080065d8                stmUsart1_Init
 .text.somedelay
                0x08006658       0x20 ..\obj\yUtil.o
                0x08006658                somedelay
 .text.delayms  0x08006678       0x28 ..\obj\yUtil.o
                0x08006678                delayms
 .text          0x080066a0       0xec c:/coocox/gcc-arm-none-eabi-4_8-2014q3-20140805-win32/bin/../lib/gcc/arm-none-eabi/4.8.4/../../../../arm-none-eabi/lib/armv7-m\libc.a(lib_a-memcpy.o)
                0x080066a0                memcpy
 .text.memset   0x0800678c       0x94 c:/coocox/gcc-arm-none-eabi-4_8-2014q3-20140805-win32/bin/../lib/gcc/arm-none-eabi/4.8.4/../../../../arm-none-eabi/lib/armv7-m\libc.a(lib_a-memset.o)
                0x0800678c                memset
 .text          0x08006820      0x23c c:/coocox/gcc-arm-none-eabi-4_8-2014q3-20140805-win32/bin/../lib/gcc/arm-none-eabi/4.8.4/../../../../arm-none-eabi/lib/armv7-m\libc.a(lib_a-strcmp.o)
                0x08006820                strcmp
 .text._strtol_r
                0x08006a5c      0x114 c:/coocox/gcc-arm-none-eabi-4_8-2014q3-20140805-win32/bin/../lib/gcc/arm-none-eabi/4.8.4/../../../../arm-none-eabi/lib/armv7-m\libc.a(lib_a-strtol.o)
                0x08006a5c                _strtol_r
 .text.strtol   0x08006b70       0x18 c:/coocox/gcc-arm-none-eabi-4_8-2014q3-20140805-win32/bin/../lib/gcc/arm-none-eabi/4.8.4/../../../../arm-none-eabi/lib/armv7-m\libc.a(lib_a-strtol.o)
                0x08006b70                strtol
 .text.startup.register_fini
                0x08006b88       0x14 c:/coocox/gcc-arm-none-eabi-4_8-2014q3-20140805-win32/bin/../lib/gcc/arm-none-eabi/4.8.4/../../../../arm-none-eabi/lib/armv7-m\libc.a(lib_a-__call_atexit.o)
 .text.atexit   0x08006b9c        0xc c:/coocox/gcc-arm-none-eabi-4_8-2014q3-20140805-win32/bin/../lib/gcc/arm-none-eabi/4.8.4/../../../../arm-none-eabi/lib/armv7-m\libc.a(lib_a-atexit.o)
                0x08006b9c                atexit
 .text.__libc_fini_array
                0x08006ba8       0x30 c:/coocox/gcc-arm-none-eabi-4_8-2014q3-20140805-win32/bin/../lib/gcc/arm-none-eabi/4.8.4/../../../../arm-none-eabi/lib/armv7-m\libc.a(lib_a-fini.o)
                0x08006ba8                __libc_fini_array
 .text.__register_exitproc
                0x08006bd8       0xa8 c:/coocox/gcc-arm-none-eabi-4_8-2014q3-20140805-win32/bin/../lib/gcc/arm-none-eabi/4.8.4/../../../../arm-none-eabi/lib/armv7-m\libc.a(lib_a-__atexit.o)
                0x08006bd8                __register_exitproc
 *(.init)
 .init          0x08006c80        0x4 c:/coocox/gcc-arm-none-eabi-4_8-2014q3-20140805-win32/bin/../lib/gcc/arm-none-eabi/4.8.4/armv7-m/crti.o
                0x08006c80                _init
 .init          0x08006c84        0x8 c:/coocox/gcc-arm-none-eabi-4_8-2014q3-20140805-win32/bin/../lib/gcc/arm-none-eabi/4.8.4/armv7-m/crtn.o
 *(.fini)
 .fini          0x08006c8c        0x4 c:/coocox/gcc-arm-none-eabi-4_8-2014q3-20140805-win32/bin/../lib/gcc/arm-none-eabi/4.8.4/armv7-m/crti.o
                0x08006c8c                _fini
 .fini          0x08006c90        0x8 c:/coocox/gcc-arm-none-eabi-4_8-2014q3-20140805-win32/bin/../lib/gcc/arm-none-eabi/4.8.4/armv7-m/crtn.o
 *crtbegin.o(.ctors)
 *crtbegin?.o(.ctors)
 *(EXCLUDE_FILE(*crtend.o *crtend?.o) .ctors)
 *(SORT(.ctors.*))
 *(.ctors)
 *crtbegin.o(.dtors)
 *crtbegin?.o(.dtors)
 *(EXCLUDE_FILE(*crtend.o *crtend?.o) .dtors)
 *(SORT(.dtors.*))
 *(.dtors)
 *(.rodata*)
 .rodata        0x08006c98       0x1c ..\obj\blinky.o
 .rodata        0x08006cb4       0x8c ..\obj\DualH_Drv8833MotorLoop.o
 .rodata        0x08006d40      0x11c ..\obj\cmdline.o
 .rodata        0x08006e5c      0x28c ..\obj\stmLin.o
 .rodata        0x080070e8      0x310 ..\obj\stmEnc28J60.o
 .rodata        0x080073f8       0x28 ..\obj\usbvcpLoop.o
                0x080073f8                COM_USART_CLK
                0x08007400                COM_TX_PORT_CLK
                0x08007408                COM_RX_PORT_CLK
                0x08007410                COM_TX_PIN
                0x08007414                COM_RX_PIN
 .rodata        0x08007420       0xb8 ..\obj\usb_desc.o
                0x08007420                Virtual_Com_Port_DeviceDescriptor
                0x08007434                Virtual_Com_Port_ConfigDescriptor
                0x08007478                Virtual_Com_Port_StringLangID
                0x0800747c                Virtual_Com_Port_StringVendor
                0x080074a4                Virtual_Com_Port_StringProduct
 .rodata        0x080074d8       0x24 ..\obj\yPrintf.o
 .rodata        0x080074fc      0x154 ..\obj\main.o
 .rodata        0x08007650       0x9c ..\obj\stmArinc429spi.o
 .rodata        0x080076ec      0x148 ..\obj\stmMdioBitBang.o
 .rodata._ctype_
                0x08007834      0x104 c:/coocox/gcc-arm-none-eabi-4_8-2014q3-20140805-win32/bin/../lib/gcc/arm-none-eabi/4.8.4/../../../../arm-none-eabi/lib/armv7-m\libc.a(lib_a-ctype_.o)
                0x08007834                _ctype_
 .rodata.str1.4
                0x08007938        0x4 c:/coocox/gcc-arm-none-eabi-4_8-2014q3-20140805-win32/bin/../lib/gcc/arm-none-eabi/4.8.4/../../../../arm-none-eabi/lib/armv7-m\libc.a(lib_a-impure.o)
 .rodata._global_impure_ptr
                0x0800793c        0x4 c:/coocox/gcc-arm-none-eabi-4_8-2014q3-20140805-win32/bin/../lib/gcc/arm-none-eabi/4.8.4/../../../../arm-none-eabi/lib/armv7-m\libc.a(lib_a-impure.o)
                0x0800793c                _global_impure_ptr
 *(.eh_fram e*)

.eh_frame       0x08007940        0x0
 .eh_frame      0x08007940        0x0 c:/coocox/gcc-arm-none-eabi-4_8-2014q3-20140805-win32/bin/../lib/gcc/arm-none-eabi/4.8.4/armv7-m/crtbegin.o

.glue_7         0x08007940        0x0
 .glue_7        0x00000000        0x0 linker stubs

.glue_7t        0x08007940        0x0
 .glue_7t       0x00000000        0x0 linker stubs

.vfp11_veneer   0x08007940        0x0
 .vfp11_veneer  0x00000000        0x0 linker stubs

.v4_bx          0x08007940        0x0
 .v4_bx         0x00000000        0x0 linker stubs

.iplt           0x08007940        0x0
 .iplt          0x00000000        0x0 c:/coocox/gcc-arm-none-eabi-4_8-2014q3-20140805-win32/bin/../lib/gcc/arm-none-eabi/4.8.4/armv7-m/crtbegin.o

.rel.dyn        0x08007940        0x0
 .rel.iplt      0x00000000        0x0 c:/coocox/gcc-arm-none-eabi-4_8-2014q3-20140805-win32/bin/../lib/gcc/arm-none-eabi/4.8.4/armv7-m/crtbegin.o

.ARM.extab
 *(.ARM.extab* .gnu.linkonce.armextab.*)
                0x08007940                __exidx_start = .

.ARM.exidx
 *(.ARM.exidx* .gnu.linkonce.armexidx.*)
                0x08007940                __exidx_end = .
                0x08007940                __etext = .
                0x08007940                _sidata = __etext

.data           0x20000000      0x5cc load address 0x08007940
                0x20000000                __data_start__ = .
                0x20000000                _sdata = __data_start__
 *(vtable)
 *(.data*)
 .data          0x20000000       0x60 ..\obj\cmdline.o
                0x20000000                g_sCmdTable
 .data          0x20000060       0x14 ..\obj\stmLin.o
                0x20000060                g_LinMsgInfoPool
 .data          0x20000074       0x18 ..\obj\usbvcpLoop.o
                0x20000074                COM_USART
                0x2000007c                COM_TX_PORT
                0x20000084                COM_RX_PORT
 .data          0x2000008c       0x1c ..\obj\usb_desc.o
                0x2000008c                Virtual_Com_Port_StringSerial
 .data          0x200000a8       0x90 ..\obj\usb_prop.o
                0x200000a8                linecoding
                0x200000b0                Device_Table
                0x200000b4                Device_Property
                0x200000e4                User_Standard_Requests
                0x20000108                Device_Descriptor
                0x20000110                Config_Descriptor
                0x20000118                String_Descriptor
 .data          0x20000138        0x1 ..\obj\usb_pwr.o
                0x20000138                fSuspendEnabled
 *fill*         0x20000139        0x3 
 .data          0x2000013c       0x14 ..\obj\stm32f10x_rcc.o
 .data          0x20000150       0x38 ..\obj\usb_istr.o
                0x20000150                pEpInt_IN
                0x2000016c                pEpInt_OUT
 .data.__ctype_ptr__
                0x20000188        0x4 c:/coocox/gcc-arm-none-eabi-4_8-2014q3-20140805-win32/bin/../lib/gcc/arm-none-eabi/4.8.4/../../../../arm-none-eabi/lib/armv7-m\libc.a(lib_a-ctype_.o)
                0x20000188                __ctype_ptr__
 *fill*         0x2000018c        0x4 
 .data.impure_data
                0x20000190      0x428 c:/coocox/gcc-arm-none-eabi-4_8-2014q3-20140805-win32/bin/../lib/gcc/arm-none-eabi/4.8.4/../../../../arm-none-eabi/lib/armv7-m\libc.a(lib_a-impure.o)
 .data._impure_ptr
                0x200005b8        0x4 c:/coocox/gcc-arm-none-eabi-4_8-2014q3-20140805-win32/bin/../lib/gcc/arm-none-eabi/4.8.4/../../../../arm-none-eabi/lib/armv7-m\libc.a(lib_a-impure.o)
                0x200005b8                _impure_ptr
                0x200005bc                . = ALIGN (0x4)
                0x200005bc                PROVIDE (__preinit_array_start, .)
 *(.preinit_array)
                0x200005bc                PROVIDE (__preinit_array_end, .)
                0x200005bc                . = ALIGN (0x4)
                0x200005bc                PROVIDE (__init_array_start, .)
 *(SORT(.init_array.*))
 .init_array.00000
                0x200005bc        0x4 c:/coocox/gcc-arm-none-eabi-4_8-2014q3-20140805-win32/bin/../lib/gcc/arm-none-eabi/4.8.4/../../../../arm-none-eabi/lib/armv7-m\libc.a(lib_a-__call_atexit.o)
 *(.init_array)
 .init_array    0x200005c0        0x4 c:/coocox/gcc-arm-none-eabi-4_8-2014q3-20140805-win32/bin/../lib/gcc/arm-none-eabi/4.8.4/armv7-m/crtbegin.o
                0x200005c4                PROVIDE (__init_array_end, .)
                0x200005c4                . = ALIGN (0x4)
                0x200005c4                PROVIDE (__fini_array_start, .)
 *(SORT(.fini_array.*))
 *(.fini_array)
 .fini_array    0x200005c4        0x4 c:/coocox/gcc-arm-none-eabi-4_8-2014q3-20140805-win32/bin/../lib/gcc/arm-none-eabi/4.8.4/armv7-m/crtbegin.o
                0x200005c8                PROVIDE (__fini_array_end, .)
 *(.jcr*)
 .jcr           0x200005c8        0x0 c:/coocox/gcc-arm-none-eabi-4_8-2014q3-20140805-win32/bin/../lib/gcc/arm-none-eabi/4.8.4/armv7-m/crtbegin.o
 .jcr           0x200005c8        0x4 c:/coocox/gcc-arm-none-eabi-4_8-2014q3-20140805-win32/bin/../lib/gcc/arm-none-eabi/4.8.4/armv7-m/crtend.o
                0x200005cc                . = ALIGN (0x4)
                0x200005cc                __data_end__ = .
                0x200005cc                _edata = __data_end__

.igot.plt       0x200005cc        0x0 load address 0x08007f0c
 .igot.plt      0x00000000        0x0 c:/coocox/gcc-arm-none-eabi-4_8-2014q3-20140805-win32/bin/../lib/gcc/arm-none-eabi/4.8.4/armv7-m/crtbegin.o

.bss            0x200005cc     0x17c8 load address 0x08007f0c
                0x200005cc                . = ALIGN (0x4)
                0x200005cc                __bss_start__ = .
                0x200005cc                _sbss = __bss_start__
 *(.bss*)
 .bss           0x200005cc       0x1c c:/coocox/gcc-arm-none-eabi-4_8-2014q3-20140805-win32/bin/../lib/gcc/arm-none-eabi/4.8.4/armv7-m/crtbegin.o
 .bss           0x200005e8        0x1 ..\obj\usb_core.o
                0x200005e8                Data_Mul_MaxPacketSize
 *fill*         0x200005e9        0x3 
 .bss           0x200005ec       0x18 ..\obj\cmdline.o
 .bss           0x20000604      0x5f4 ..\obj\stmEnc28J60.o
 .bss           0x20000bf8       0x10 ..\obj\usbvcpLoop.o
                0x20000bf8                APP_Rx_ptr_in
                0x20000bfc                USART_Rx_ptr_out
                0x20000c00                USART_Rx_length
                0x20000c04                USB_Tx_State
 .bss           0x20000c08        0x1 ..\obj\usb_prop.o
                0x20000c08                Request
 *fill*         0x20000c09        0x3 
 .bss           0x20000c0c        0x8 ..\obj\usb_pwr.o
                0x20000c0c                bDeviceState
                0x20000c10                remotewakeupon
 .bss           0x20000c14      0x314 ..\obj\dtmf.o
 .bss           0x20000f28        0xc ..\obj\main.o
                0x20000f28                gTimingDelay
                0x20000f2c                g_tickCnt
                0x20000f30                g_tickEvent
 .bss           0x20000f34        0x4 ..\obj\yCanLoop.o
                0x20000f34                gfCANrcv
 .bss           0x20000f38        0x1 ..\obj\yI2cDrv.o
                0x20000f38                g_bI2CModuleConfigDone
 *fill*         0x20000f39        0x3 
 .bss           0x20000f3c        0x4 ..\obj\usb_endp.o
 .bss           0x20000f40        0xc ..\obj\usb_istr.o
                0x20000f40                bIntPackSOF
                0x20000f44                esof_counter
                0x20000f48                wCNTR
 .bss           0x20000f4c       0x18 ..\obj\stmMdioBitBang.o
                0x20000f4c                line_char_cnt
                0x20000f4d                inputed
                0x20000f50                g_br_1c
                0x20000f58                g_delayval
                0x20000f5c                g_mdio_pinmode
 .bss           0x20000f64        0x3 ..\obj\ySpiDrv.o
 *(COMMON)
 *fill*         0x20000f67        0x1 
 COMMON         0x20000f68       0x18 ..\obj\DualH_Drv8833MotorLoop.o
                0x20000f68                stmDrv8833_Offset
                0x20000f6c                In2
                0x20000f70                Standby
                0x20000f74                In1
                0x20000f78                Offset
                0x20000f7c                PWM
 COMMON         0x20000f80        0x2 ..\obj\usb_core.o
                0x20000f80                StatusInfo
 *fill*         0x20000f82        0x2 
 COMMON         0x20000f84       0x50 ..\obj\cmdline.o
                0x20000f84                g_cCmdBuf
 COMMON         0x20000fd4       0x1f ..\obj\stmLin.o
                0x20000fd4                g_LinTxBuf
                0x20000fe0                g_LinRxBuf
                0x20000ff2                g_role
 *fill*         0x20000ff3        0x1 
 COMMON         0x20000ff4        0x4 ..\obj\usb_int.o
                0x20000ff4                SaveRState
                0x20000ff6                SaveTState
 COMMON         0x20000ff8        0x4 ..\obj\stmEnc28J60.o
                0x20000ff8                gEnc28BufSize
 COMMON         0x20000ffc      0x81c ..\obj\usbvcpLoop.o
                0x20000ffc                HSEStartUpStatus
                0x20001000                USART_InitStructure
                0x20001010                APP_Rx_Buffer
                0x20001810                EXTI_InitStructure
 COMMON         0x20001818      0x40d ..\obj\yPrintf.o
                0x20001818                g_usartXrxbuf
                0x2000191c                g_usart3rxbuf
                0x20001a20                g_usart1rxbuf
                0x20001b24                g_usart2rxbuf
 *fill*         0x20001c25        0x3 
 COMMON         0x20001c28       0x24 ..\obj\usb_pwr.o
                0x20001c28                ResumeS
                0x20001c2c                EP
 COMMON         0x20001c4c       0x38 ..\obj\lis3dh.o
                0x20001c4c                g_INT2_LIS3DH
                0x20001c50                x
                0x20001c52                z
                0x20001c54                g_lis3dh
                0x20001c6c                g_INT1_LIS3DH
                0x20001c70                lis3dh_range
                0x20001c72                y
                0x20001c74                x_g
                0x20001c78                _sensorID
                0x20001c7c                z_g
                0x20001c80                y_g
 COMMON         0x20001c84       0x32 ..\obj\usb_init.o
                0x20001c84                SaveState
                0x20001c88                pProperty
                0x20001c8c                EPindex
                0x20001c90                Device_Info
                0x20001cac                pUser_Standard_Requests
                0x20001cb0                pInformation
                0x20001cb4                wInterrupt_Mask
 *fill*         0x20001cb6        0x2 
 COMMON         0x20001cb8       0x30 ..\obj\main.o
                0x20001cb8                g_mac_addr
                0x20001cc0                gI2Cx
                0x20001cc4                g_ppsHoldOver
                0x20001ce0                g_macaddrLsb
                0x20001ce4                randNum32
 COMMON         0x20001ce8       0x10 ..\obj\stmArinc429spi.o
                0x20001ce8                arinc429_RX
 COMMON         0x20001cf8       0x20 ..\obj\stmLIS3MDL.o
                0x20001cf8                g_LIS3MDL
                0x20001d10                g_RDRY_LIS3MDL
                0x20001d14                g_INT_LIS3MDL
 COMMON         0x20001d18       0x20 ..\obj\tca8418_mcdu.o
                0x20001d18                g_tca8418_keypad
 COMMON         0x20001d38       0x40 ..\obj\usb_endp.o
                0x20001d38                USB_Rx_Buffer
 COMMON         0x20001d78        0x2 ..\obj\usb_istr.o
                0x20001d78                wIstr
 *fill*         0x20001d7a        0x2 
 COMMON         0x20001d7c       0x16 ..\obj\ySpiDrv.o
                0x20001d7c                Recevie
                0x20001d80                SPI_InitStructure
                0x20001d94                . = ALIGN (0x4)
 *fill*         0x20001d92        0x2 
                0x20001d94                __bss_end__ = .
                0x20001d94                _ebss = __bss_end__

.heap           0x20001d94        0x0
                0x20001d94                __end__ = .
                0x20001d94                _end = __end__
                0x20001d94                end = __end__
 *(.heap*)
                0x20001d94                __HeapLimit = .

.co_stack       0x20001d94     0x1004 load address 0x080096d4
                0x20001d98                . = ALIGN (0x8)
 *fill*         0x20001d94        0x4 
 *(.co_stack .co_stack.*)
 .co_stack      0x20001d98     0x1000 ..\obj\startup_stm32f10x_cl.o
                0x20001d98                pulStack
                0x20005000                __StackTop = (ORIGIN (ram) + 0x5000)
                0x20003ffc                __StackLimit = (__StackTop - SIZEOF (.co_stack))
                0x20005000                PROVIDE (__stack, __StackTop)
                0x00000001                ASSERT ((__StackLimit >= __HeapLimit), region ram  overflowed with stack)
LOAD ..\obj\blinky.o
LOAD ..\obj\stm32f10x_rtc.o
LOAD ..\obj\stmMCP4725DACi2c.o
LOAD ..\obj\DualH_Drv8833MotorLoop.o
LOAD ..\obj\stmDtmfLoop.o
LOAD ..\obj\usb_core.o
LOAD ..\obj\kt0803_fmTx.o
LOAD ..\obj\mem.o
LOAD ..\obj\bmc.o
LOAD ..\obj\stm32f10x_tim.o
LOAD ..\obj\cmdline.o
LOAD ..\obj\stmSn76489ToneGen.o
LOAD ..\obj\as5600.o
LOAD ..\obj\ptpd.o
LOAD ..\obj\stmTea5767Drv.o
LOAD ..\obj\protocol.o
LOAD ..\obj\si7021_Hum.o
LOAD ..\obj\tcp.o
LOAD ..\obj\yUart.o
LOAD ..\obj\err.o
LOAD ..\obj\stmHmc5883Compass.o
LOAD ..\obj\pm2008mI2C.o
LOAD ..\obj\mib_structs.o
LOAD ..\obj\stmLin.o
LOAD ..\obj\tcp_in.o
LOAD ..\obj\stm433MHz.o
LOAD ..\obj\usb_int.o
LOAD ..\obj\isl1208.o
LOAD ..\obj\stmPcf8574.o
LOAD ..\obj\system_stm32f10x.o
LOAD ..\obj\memp.o
LOAD ..\obj\ap3216LightSensor.o
LOAD ..\obj\stmEnc28J60.o
LOAD ..\obj\autoip.o
LOAD ..\obj\usbvcpLoop.o
LOAD ..\obj\startup_stm32f10x_hd.o
LOAD ..\obj\usb_desc.o
LOAD ..\obj\ip_frag.o
LOAD ..\obj\usb_regs.o
LOAD ..\obj\msg_out.o
LOAD ..\obj\yPrintf.o
LOAD ..\obj\tb6612MotorLoop.o
LOAD ..\obj\yPwmLoop.o
LOAD ..\obj\yQeiDrv.o
LOAD ..\obj\Bldc_Drv11873Loop.o
LOAD ..\obj\stm32f10x_pwr.o
LOAD ..\obj\stm32f10x_can.o
LOAD ..\obj\ds3231rtc.o
LOAD ..\obj\ptpd_timer.o
LOAD ..\obj\stmServoMotorLoop.o
LOAD ..\obj\stm32f10x_gpio.o
LOAD ..\obj\usb_prop.o
LOAD ..\obj\Printf.o
LOAD ..\obj\usb_pwr.o
LOAD ..\obj\sys.o
LOAD ..\obj\ip_addr.o
LOAD ..\obj\stmA3967stepper.o
LOAD ..\obj\lis3dh.o
LOAD ..\obj\dtmf.o
LOAD ..\obj\ad9833_stm.o
LOAD ..\obj\inet_chksum.o
LOAD ..\obj\usb_init.o
LOAD ..\obj\main.o
LOAD ..\obj\arith.o
LOAD ..\obj\netconf.o
LOAD ..\obj\mib2.o
LOAD ..\obj\yCanLoop.o
LOAD ..\obj\stmMcp2515CAN.o
LOAD ..\obj\stmRtcLoop.o
LOAD ..\obj\stmDmx512.o
LOAD ..\obj\stmNRFspi.o
LOAD ..\obj\netdb.o
LOAD ..\obj\stm32f1x7_eth_bsp.o
LOAD ..\obj\init.o
LOAD ..\obj\stmQmc5883Compass.o
LOAD ..\obj\yI2cDrv.o
LOAD ..\obj\stmMCP3208adc.o
LOAD ..\obj\dh11TempSensor.o
LOAD ..\obj\stmBmp180.o
LOAD ..\obj\ds1307.o
LOAD ..\obj\stmSi5351ClockGen.o
LOAD ..\obj\ethernetif.o
LOAD ..\obj\stm32f10x_rcc.o
LOAD ..\obj\w5500.o
LOAD ..\obj\etharp.o
LOAD ..\obj\ip101_simpleLoop.o
LOAD ..\obj\stmTC77spi.o
LOAD ..\obj\startup_stm32f10x_cl.o
LOAD ..\obj\stmMcp8063BldcLoop.o
LOAD ..\obj\ksz8794cnxSwitch.o
LOAD ..\obj\stm32f10x_exti.o
LOAD ..\obj\httpd.o
LOAD ..\obj\stmMpu6050.o
LOAD ..\obj\stm32f10x_adc.o
LOAD ..\obj\genMdio.o
LOAD ..\obj\stmTCM3105Fsk.o
LOAD ..\obj\stm32f10x_usart.o
LOAD ..\obj\stmMotorUnipolar.o
LOAD ..\obj\dustSensor.o
LOAD ..\obj\stmArinc429spi.o
LOAD ..\obj\stmPcf8574i2clcd.o
LOAD ..\obj\pbuf.o
LOAD ..\obj\stats.o
LOAD ..\obj\inet.o
LOAD ..\obj\usb_sil.o
LOAD ..\obj\msg_in.o
LOAD ..\obj\netif.o
LOAD ..\obj\servo.o
LOAD ..\obj\asn1_enc.o
LOAD ..\obj\stmWs2812_RGBled.o
LOAD ..\obj\rcc.o
LOAD ..\obj\stmWm8731Drv.o
LOAD ..\obj\stmL3G4200Gyro.o
LOAD ..\obj\ozled.o
LOAD ..\obj\rngloop.o
LOAD ..\obj\syscalls.o
LOAD ..\obj\stmPid.o
LOAD ..\obj\stmMCP23S17SpiGpio.o
LOAD ..\obj\stmLIS3MDL.o
LOAD ..\obj\tca8418_mcdu.o
LOAD ..\obj\vl53L0x.o
LOAD ..\obj\stmMCP23008i2cGpio.o
LOAD ..\obj\msg.o
LOAD ..\obj\sockets.o
LOAD ..\obj\yEther.o
LOAD ..\obj\igmp.o
LOAD ..\obj\yGps.o
LOAD ..\obj\stm32f107_eth.o
LOAD ..\obj\usb_endp.o
LOAD ..\obj\stm32f10x_dma.o
LOAD ..\obj\udp.o
LOAD ..\obj\ip.o
LOAD ..\obj\net.o
LOAD ..\obj\stm32f10x_lib.o
LOAD ..\obj\stmSpiSt7735Hy18LCD.o
LOAD ..\obj\media_clock.o
LOAD ..\obj\uc164904_CLCD.o
LOAD ..\obj\stmX27_Vid29_Stepper.o
LOAD ..\obj\stmSdxl345Accel.o
LOAD ..\obj\icmp.o
LOAD ..\obj\dns.o
LOAD ..\obj\misc.o
LOAD ..\obj\Bldc_Drv8313Loop.o
LOAD ..\obj\stmSi5328cClockGen.o
LOAD ..\obj\stm32f10x_spi.o
LOAD ..\obj\dhcp.o
LOAD ..\obj\ieee8021as.o
LOAD ..\obj\mdio407_107.o
LOAD ..\obj\stm32f10x_i2c.o
LOAD ..\obj\stmL3GGD20HGyro.o
LOAD ..\obj\stmBmp280.o
LOAD ..\obj\sys_time_timer.o
LOAD ..\obj\usb_mem.o
LOAD ..\obj\apds9960ProximitySensor.o
LOAD ..\obj\yStepper.o
LOAD ..\obj\yMcp7219.o
LOAD ..\obj\usb_istr.o
LOAD ..\obj\stmMdioBitBang.o
LOAD ..\obj\tcp_out.o
LOAD ..\obj\ySpiDrv.o
LOAD ..\obj\loopif.o
LOAD ..\obj\raw.o
LOAD ..\obj\usart.o
LOAD ..\obj\yUtil.o
LOAD c:/coocox/gcc-arm-none-eabi-4_8-2014q3-20140805-win32/bin/../lib/gcc/arm-none-eabi/4.8.4/../../../../arm-none-eabi/lib/armv7-m\libm.a
LOAD c:/coocox/gcc-arm-none-eabi-4_8-2014q3-20140805-win32/bin/../lib/gcc/arm-none-eabi/4.8.4/armv7-m\libgcc.a
LOAD c:/coocox/gcc-arm-none-eabi-4_8-2014q3-20140805-win32/bin/../lib/gcc/arm-none-eabi/4.8.4/../../../../arm-none-eabi/lib/armv7-m\libc.a
LOAD c:/coocox/gcc-arm-none-eabi-4_8-2014q3-20140805-win32/bin/../lib/gcc/arm-none-eabi/4.8.4/../../../../arm-none-eabi/lib/armv7-m\libstdc++.a
START GROUP
LOAD c:/coocox/gcc-arm-none-eabi-4_8-2014q3-20140805-win32/bin/../lib/gcc/arm-none-eabi/4.8.4/armv7-m\libgcc.a
LOAD c:/coocox/gcc-arm-none-eabi-4_8-2014q3-20140805-win32/bin/../lib/gcc/arm-none-eabi/4.8.4/../../../../arm-none-eabi/lib/armv7-m\libg.a
LOAD c:/coocox/gcc-arm-none-eabi-4_8-2014q3-20140805-win32/bin/../lib/gcc/arm-none-eabi/4.8.4/../../../../arm-none-eabi/lib/armv7-m\libc.a
END GROUP
LOAD c:/coocox/gcc-arm-none-eabi-4_8-2014q3-20140805-win32/bin/../lib/gcc/arm-none-eabi/4.8.4/armv7-m/crtend.o
LOAD c:/coocox/gcc-arm-none-eabi-4_8-2014q3-20140805-win32/bin/../lib/gcc/arm-none-eabi/4.8.4/armv7-m/crtn.o
OUTPUT(stm103c8t6.elf elf32-littlearm)

.ARM.attributes
                0x00000000       0x29
 .ARM.attributes
                0x00000000       0x1d c:/coocox/gcc-arm-none-eabi-4_8-2014q3-20140805-win32/bin/../lib/gcc/arm-none-eabi/4.8.4/armv7-m/crti.o
 .ARM.attributes
                0x0000001d       0x2d c:/coocox/gcc-arm-none-eabi-4_8-2014q3-20140805-win32/bin/../lib/gcc/arm-none-eabi/4.8.4/armv7-m/crtbegin.o
 .ARM.attributes
                0x0000004a       0x33 ..\obj\blinky.o
 .ARM.attributes
                0x0000007d       0x33 ..\obj\DualH_Drv8833MotorLoop.o
 .ARM.attributes
                0x000000b0       0x33 ..\obj\usb_core.o
 .ARM.attributes
                0x000000e3       0x33 ..\obj\stm32f10x_tim.o
 .ARM.attributes
                0x00000116       0x33 ..\obj\cmdline.o
 .ARM.attributes
                0x00000149       0x33 ..\obj\stmLin.o
 .ARM.attributes
                0x0000017c       0x33 ..\obj\usb_int.o
 .ARM.attributes
                0x000001af       0x33 ..\obj\system_stm32f10x.o
 .ARM.attributes
                0x000001e2       0x33 ..\obj\stmEnc28J60.o
 .ARM.attributes
                0x00000215       0x33 ..\obj\usbvcpLoop.o
 .ARM.attributes
                0x00000248       0x33 ..\obj\usb_desc.o
 .ARM.attributes
                0x0000027b       0x33 ..\obj\usb_regs.o
 .ARM.attributes
                0x000002ae       0x33 ..\obj\yPrintf.o
 .ARM.attributes
                0x000002e1       0x33 ..\obj\stm32f10x_can.o
 .ARM.attributes
                0x00000314       0x33 ..\obj\stm32f10x_gpio.o
 .ARM.attributes
                0x00000347       0x33 ..\obj\usb_prop.o
 .ARM.attributes
                0x0000037a       0x33 ..\obj\usb_pwr.o
 .ARM.attributes
                0x000003ad       0x33 ..\obj\lis3dh.o
 .ARM.attributes
                0x000003e0       0x33 ..\obj\dtmf.o
 .ARM.attributes
                0x00000413       0x33 ..\obj\usb_init.o
 .ARM.attributes
                0x00000446       0x33 ..\obj\main.o
 .ARM.attributes
                0x00000479       0x33 ..\obj\yCanLoop.o
 .ARM.attributes
                0x000004ac       0x33 ..\obj\yI2cDrv.o
 .ARM.attributes
                0x000004df       0x33 ..\obj\stm32f10x_rcc.o
 .ARM.attributes
                0x00000512       0x33 ..\obj\startup_stm32f10x_cl.o
 .ARM.attributes
                0x00000545       0x33 ..\obj\stm32f10x_exti.o
 .ARM.attributes
                0x00000578       0x33 ..\obj\stm32f10x_adc.o
 .ARM.attributes
                0x000005ab       0x33 ..\obj\stm32f10x_usart.o
 .ARM.attributes
                0x000005de       0x33 ..\obj\stmArinc429spi.o
 .ARM.attributes
                0x00000611       0x33 ..\obj\usb_sil.o
 .ARM.attributes
                0x00000644       0x33 ..\obj\stmLIS3MDL.o
 .ARM.attributes
                0x00000677       0x33 ..\obj\tca8418_mcdu.o
 .ARM.attributes
                0x000006aa       0x33 ..\obj\usb_endp.o
 .ARM.attributes
                0x000006dd       0x33 ..\obj\stm32f10x_spi.o
 .ARM.attributes
                0x00000710       0x33 ..\obj\stm32f10x_i2c.o
 .ARM.attributes
                0x00000743       0x33 ..\obj\usb_mem.o
 .ARM.attributes
                0x00000776       0x33 ..\obj\usb_istr.o
 .ARM.attributes
                0x000007a9       0x33 ..\obj\stmMdioBitBang.o
 .ARM.attributes
                0x000007dc       0x33 ..\obj\ySpiDrv.o
 .ARM.attributes
                0x0000080f       0x33 ..\obj\usart.o
 .ARM.attributes
                0x00000842       0x33 ..\obj\yUtil.o
 .ARM.attributes
                0x00000875       0x2d c:/coocox/gcc-arm-none-eabi-4_8-2014q3-20140805-win32/bin/../lib/gcc/arm-none-eabi/4.8.4/../../../../arm-none-eabi/lib/armv7-m\libc.a(lib_a-ctype_.o)
 .ARM.attributes
                0x000008a2       0x2d c:/coocox/gcc-arm-none-eabi-4_8-2014q3-20140805-win32/bin/../lib/gcc/arm-none-eabi/4.8.4/../../../../arm-none-eabi/lib/armv7-m\libc.a(lib_a-impure.o)
 .ARM.attributes
                0x000008cf       0x1b c:/coocox/gcc-arm-none-eabi-4_8-2014q3-20140805-win32/bin/../lib/gcc/arm-none-eabi/4.8.4/../../../../arm-none-eabi/lib/armv7-m\libc.a(lib_a-memcpy.o)
 .ARM.attributes
                0x000008ea       0x2d c:/coocox/gcc-arm-none-eabi-4_8-2014q3-20140805-win32/bin/../lib/gcc/arm-none-eabi/4.8.4/../../../../arm-none-eabi/lib/armv7-m\libc.a(lib_a-memset.o)
 .ARM.attributes
                0x00000917       0x1b c:/coocox/gcc-arm-none-eabi-4_8-2014q3-20140805-win32/bin/../lib/gcc/arm-none-eabi/4.8.4/../../../../arm-none-eabi/lib/armv7-m\libc.a(lib_a-strcmp.o)
 .ARM.attributes
                0x00000932       0x2d c:/coocox/gcc-arm-none-eabi-4_8-2014q3-20140805-win32/bin/../lib/gcc/arm-none-eabi/4.8.4/../../../../arm-none-eabi/lib/armv7-m\libc.a(lib_a-strtol.o)
 .ARM.attributes
                0x0000095f       0x2d c:/coocox/gcc-arm-none-eabi-4_8-2014q3-20140805-win32/bin/../lib/gcc/arm-none-eabi/4.8.4/../../../../arm-none-eabi/lib/armv7-m\libc.a(lib_a-__call_atexit.o)
 .ARM.attributes
                0x0000098c       0x2d c:/coocox/gcc-arm-none-eabi-4_8-2014q3-20140805-win32/bin/../lib/gcc/arm-none-eabi/4.8.4/../../../../arm-none-eabi/lib/armv7-m\libc.a(lib_a-atexit.o)
 .ARM.attributes
                0x000009b9       0x2d c:/coocox/gcc-arm-none-eabi-4_8-2014q3-20140805-win32/bin/../lib/gcc/arm-none-eabi/4.8.4/../../../../arm-none-eabi/lib/armv7-m\libc.a(lib_a-fini.o)
 .ARM.attributes
                0x000009e6       0x2d c:/coocox/gcc-arm-none-eabi-4_8-2014q3-20140805-win32/bin/../lib/gcc/arm-none-eabi/4.8.4/../../../../arm-none-eabi/lib/armv7-m\libc.a(lib_a-__atexit.o)
 .ARM.attributes
                0x00000a13       0x2d c:/coocox/gcc-arm-none-eabi-4_8-2014q3-20140805-win32/bin/../lib/gcc/arm-none-eabi/4.8.4/armv7-m/crtend.o
 .ARM.attributes
                0x00000a40       0x1d c:/coocox/gcc-arm-none-eabi-4_8-2014q3-20140805-win32/bin/../lib/gcc/arm-none-eabi/4.8.4/armv7-m/crtn.o

.comment        0x00000000       0x70
 .comment       0x00000000       0x70 ..\obj\blinky.o
                                 0x71 (size before relaxing)
 .comment       0x00000000       0x71 ..\obj\DualH_Drv8833MotorLoop.o
 .comment       0x00000000       0x71 ..\obj\usb_core.o
 .comment       0x00000000       0x71 ..\obj\stm32f10x_tim.o
 .comment       0x00000000       0x71 ..\obj\cmdline.o
 .comment       0x00000000       0x71 ..\obj\stmLin.o
 .comment       0x00000000       0x71 ..\obj\usb_int.o
 .comment       0x00000000       0x71 ..\obj\system_stm32f10x.o
 .comment       0x00000000       0x71 ..\obj\stmEnc28J60.o
 .comment       0x00000000       0x71 ..\obj\usbvcpLoop.o
 .comment       0x00000000       0x71 ..\obj\usb_desc.o
 .comment       0x00000000       0x71 ..\obj\usb_regs.o
 .comment       0x00000000       0x71 ..\obj\yPrintf.o
 .comment       0x00000000       0x71 ..\obj\stm32f10x_can.o
 .comment       0x00000000       0x71 ..\obj\stm32f10x_gpio.o
 .comment       0x00000000       0x71 ..\obj\usb_prop.o
 .comment       0x00000000       0x71 ..\obj\usb_pwr.o
 .comment       0x00000000       0x71 ..\obj\lis3dh.o
 .comment       0x00000000       0x71 ..\obj\dtmf.o
 .comment       0x00000000       0x71 ..\obj\usb_init.o
 .comment       0x00000000       0x71 ..\obj\main.o
 .comment       0x00000000       0x71 ..\obj\yCanLoop.o
 .comment       0x00000000       0x71 ..\obj\yI2cDrv.o
 .comment       0x00000000       0x71 ..\obj\stm32f10x_rcc.o
 .comment       0x00000000       0x71 ..\obj\startup_stm32f10x_cl.o
 .comment       0x00000000       0x71 ..\obj\stm32f10x_exti.o
 .comment       0x00000000       0x71 ..\obj\stm32f10x_adc.o
 .comment       0x00000000       0x71 ..\obj\stm32f10x_usart.o
 .comment       0x00000000       0x71 ..\obj\stmArinc429spi.o
 .comment       0x00000000       0x71 ..\obj\usb_sil.o
 .comment       0x00000000       0x71 ..\obj\stmLIS3MDL.o
 .comment       0x00000000       0x71 ..\obj\tca8418_mcdu.o
 .comment       0x00000000       0x71 ..\obj\usb_endp.o
 .comment       0x00000000       0x71 ..\obj\stm32f10x_spi.o
 .comment       0x00000000       0x71 ..\obj\stm32f10x_i2c.o
 .comment       0x00000000       0x71 ..\obj\usb_mem.o
 .comment       0x00000000       0x71 ..\obj\usb_istr.o
 .comment       0x00000000       0x71 ..\obj\stmMdioBitBang.o
 .comment       0x00000000       0x71 ..\obj\ySpiDrv.o
 .comment       0x00000000       0x71 ..\obj\usart.o
 .comment       0x00000000       0x71 ..\obj\yUtil.o

.debug_info     0x00000000    0x1799c
 .debug_info    0x00000000      0x533 ..\obj\blinky.o
 .debug_info    0x00000533      0x8ad ..\obj\DualH_Drv8833MotorLoop.o
 .debug_info    0x00000de0      0xb29 ..\obj\usb_core.o
 .debug_info    0x00001909     0x1c3b ..\obj\stm32f10x_tim.o
 .debug_info    0x00003544      0x21b ..\obj\cmdline.o
 .debug_info    0x0000375f      0xced ..\obj\stmLin.o
 .debug_info    0x0000444c      0x1da ..\obj\usb_int.o
 .debug_info    0x00004626      0x487 ..\obj\system_stm32f10x.o
 .debug_info    0x00004aad      0x978 ..\obj\stmEnc28J60.o
 .debug_info    0x00005425      0xcd0 ..\obj\usbvcpLoop.o
 .debug_info    0x000060f5      0x16a ..\obj\usb_desc.o
 .debug_info    0x0000625f      0xc8a ..\obj\usb_regs.o
 .debug_info    0x00006ee9     0x18f7 ..\obj\yPrintf.o
 .debug_info    0x000087e0      0xb7f ..\obj\stm32f10x_can.o
 .debug_info    0x0000935f      0x6ff ..\obj\stm32f10x_gpio.o
 .debug_info    0x00009a5e      0x80d ..\obj\usb_prop.o
 .debug_info    0x0000a26b      0x506 ..\obj\usb_pwr.o
 .debug_info    0x0000a771      0xd5c ..\obj\lis3dh.o
 .debug_info    0x0000b4cd      0xdbb ..\obj\dtmf.o
 .debug_info    0x0000c288      0x437 ..\obj\usb_init.o
 .debug_info    0x0000c6bf      0xf7d ..\obj\main.o
 .debug_info    0x0000d63c      0xd21 ..\obj\yCanLoop.o
 .debug_info    0x0000e35d      0x69a ..\obj\yI2cDrv.o
 .debug_info    0x0000e9f7      0x874 ..\obj\stm32f10x_rcc.o
 .debug_info    0x0000f26b      0x13a ..\obj\startup_stm32f10x_cl.o
 .debug_info    0x0000f3a5      0x324 ..\obj\stm32f10x_exti.o
 .debug_info    0x0000f6c9      0xb57 ..\obj\stm32f10x_adc.o
 .debug_info    0x00010220      0x9cb ..\obj\stm32f10x_usart.o
 .debug_info    0x00010beb      0x9bb ..\obj\stmArinc429spi.o
 .debug_info    0x000115a6      0x16d ..\obj\usb_sil.o
 .debug_info    0x00011713     0x1e75 ..\obj\stmLIS3MDL.o
 .debug_info    0x00013588      0xd27 ..\obj\tca8418_mcdu.o
 .debug_info    0x000142af      0x1d5 ..\obj\usb_endp.o
 .debug_info    0x00014484      0x8d6 ..\obj\stm32f10x_spi.o
 .debug_info    0x00014d5a      0xb27 ..\obj\stm32f10x_i2c.o
 .debug_info    0x00015881      0x1b9 ..\obj\usb_mem.o
 .debug_info    0x00015a3a      0x316 ..\obj\usb_istr.o
 .debug_info    0x00015d50      0xa5e ..\obj\stmMdioBitBang.o
 .debug_info    0x000167ae      0x74d ..\obj\ySpiDrv.o
 .debug_info    0x00016efb      0x4fa ..\obj\usart.o
 .debug_info    0x000173f5      0x5a7 ..\obj\yUtil.o

.debug_abbrev   0x00000000     0x48dc
 .debug_abbrev  0x00000000      0x1d9 ..\obj\blinky.o
 .debug_abbrev  0x000001d9      0x20f ..\obj\DualH_Drv8833MotorLoop.o
 .debug_abbrev  0x000003e8      0x283 ..\obj\usb_core.o
 .debug_abbrev  0x0000066b      0x1b5 ..\obj\stm32f10x_tim.o
 .debug_abbrev  0x00000820       0xe6 ..\obj\cmdline.o
 .debug_abbrev  0x00000906      0x29a ..\obj\stmLin.o
 .debug_abbrev  0x00000ba0       0xce ..\obj\usb_int.o
 .debug_abbrev  0x00000c6e      0x14c ..\obj\system_stm32f10x.o
 .debug_abbrev  0x00000dba      0x1f9 ..\obj\stmEnc28J60.o
 .debug_abbrev  0x00000fb3      0x360 ..\obj\usbvcpLoop.o
 .debug_abbrev  0x00001313       0x5b ..\obj\usb_desc.o
 .debug_abbrev  0x0000136e      0x16f ..\obj\usb_regs.o
 .debug_abbrev  0x000014dd      0x3b4 ..\obj\yPrintf.o
 .debug_abbrev  0x00001891      0x1e0 ..\obj\stm32f10x_can.o
 .debug_abbrev  0x00001a71      0x1cf ..\obj\stm32f10x_gpio.o
 .debug_abbrev  0x00001c40      0x1db ..\obj\usb_prop.o
 .debug_abbrev  0x00001e1b      0x1f0 ..\obj\usb_pwr.o
 .debug_abbrev  0x0000200b      0x26d ..\obj\lis3dh.o
 .debug_abbrev  0x00002278      0x2a0 ..\obj\dtmf.o
 .debug_abbrev  0x00002518      0x106 ..\obj\usb_init.o
 .debug_abbrev  0x0000261e      0x2d1 ..\obj\main.o
 .debug_abbrev  0x000028ef      0x252 ..\obj\yCanLoop.o
 .debug_abbrev  0x00002b41      0x246 ..\obj\yI2cDrv.o
 .debug_abbrev  0x00002d87      0x1a9 ..\obj\stm32f10x_rcc.o
 .debug_abbrev  0x00002f30       0xbb ..\obj\startup_stm32f10x_cl.o
 .debug_abbrev  0x00002feb      0x158 ..\obj\stm32f10x_exti.o
 .debug_abbrev  0x00003143      0x19f ..\obj\stm32f10x_adc.o
 .debug_abbrev  0x000032e2      0x169 ..\obj\stm32f10x_usart.o
 .debug_abbrev  0x0000344b      0x1d7 ..\obj\stmArinc429spi.o
 .debug_abbrev  0x00003622       0xa3 ..\obj\usb_sil.o
 .debug_abbrev  0x000036c5      0x222 ..\obj\stmLIS3MDL.o
 .debug_abbrev  0x000038e7      0x2ab ..\obj\tca8418_mcdu.o
 .debug_abbrev  0x00003b92       0xb6 ..\obj\usb_endp.o
 .debug_abbrev  0x00003c48      0x185 ..\obj\stm32f10x_spi.o
 .debug_abbrev  0x00003dcd      0x16b ..\obj\stm32f10x_i2c.o
 .debug_abbrev  0x00003f38       0x85 ..\obj\usb_mem.o
 .debug_abbrev  0x00003fbd       0xf8 ..\obj\usb_istr.o
 .debug_abbrev  0x000040b5      0x31b ..\obj\stmMdioBitBang.o
 .debug_abbrev  0x000043d0      0x1ab ..\obj\ySpiDrv.o
 .debug_abbrev  0x0000457b      0x16b ..\obj\usart.o
 .debug_abbrev  0x000046e6      0x1f6 ..\obj\yUtil.o

.debug_aranges  0x00000000     0x1cb0
 .debug_aranges
                0x00000000       0xa0 ..\obj\blinky.o
 .debug_aranges
                0x000000a0       0x78 ..\obj\DualH_Drv8833MotorLoop.o
 .debug_aranges
                0x00000118       0xb0 ..\obj\usb_core.o
 .debug_aranges
                0x000001c8      0x2f0 ..\obj\stm32f10x_tim.o
 .debug_aranges
                0x000004b8       0x30 ..\obj\cmdline.o
 .debug_aranges
                0x000004e8       0xb8 ..\obj\stmLin.o
 .debug_aranges
                0x000005a0       0x28 ..\obj\usb_int.o
 .debug_aranges
                0x000005c8       0x38 ..\obj\system_stm32f10x.o
 .debug_aranges
                0x00000600      0x118 ..\obj\stmEnc28J60.o
 .debug_aranges
                0x00000718       0xc0 ..\obj\usbvcpLoop.o
 .debug_aranges
                0x000007d8       0x18 ..\obj\usb_desc.o
 .debug_aranges
                0x000007f0      0x1f0 ..\obj\usb_regs.o
 .debug_aranges
                0x000009e0      0x178 ..\obj\yPrintf.o
 .debug_aranges
                0x00000b58       0xe0 ..\obj\stm32f10x_can.o
 .debug_aranges
                0x00000c38       0xb0 ..\obj\stm32f10x_gpio.o
 .debug_aranges
                0x00000ce8       0x88 ..\obj\usb_prop.o
 .debug_aranges
                0x00000d70       0x40 ..\obj\usb_pwr.o
 .debug_aranges
                0x00000db0       0xe0 ..\obj\lis3dh.o
 .debug_aranges
                0x00000e90       0x78 ..\obj\dtmf.o
 .debug_aranges
                0x00000f08       0x20 ..\obj\usb_init.o
 .debug_aranges
                0x00000f28       0x98 ..\obj\main.o
 .debug_aranges
                0x00000fc0       0x58 ..\obj\yCanLoop.o
 .debug_aranges
                0x00001018       0x48 ..\obj\yI2cDrv.o
 .debug_aranges
                0x00001060      0x118 ..\obj\stm32f10x_rcc.o
 .debug_aranges
                0x00001178       0x28 ..\obj\startup_stm32f10x_cl.o
 .debug_aranges
                0x000011a0       0x58 ..\obj\stm32f10x_exti.o
 .debug_aranges
                0x000011f8      0x138 ..\obj\stm32f10x_adc.o
 .debug_aranges
                0x00001330      0x100 ..\obj\stm32f10x_usart.o
 .debug_aranges
                0x00001430       0x40 ..\obj\stmArinc429spi.o
 .debug_aranges
                0x00001470       0x30 ..\obj\usb_sil.o
 .debug_aranges
                0x000014a0      0x2d0 ..\obj\stmLIS3MDL.o
 .debug_aranges
                0x00001770       0xf8 ..\obj\tca8418_mcdu.o
 .debug_aranges
                0x00001868       0x30 ..\obj\usb_endp.o
 .debug_aranges
                0x00001898       0xd0 ..\obj\stm32f10x_spi.o
 .debug_aranges
                0x00001968      0x128 ..\obj\stm32f10x_i2c.o
 .debug_aranges
                0x00001a90       0x28 ..\obj\usb_mem.o
 .debug_aranges
                0x00001ab8       0x20 ..\obj\usb_istr.o
 .debug_aranges
                0x00001ad8       0x90 ..\obj\stmMdioBitBang.o
 .debug_aranges
                0x00001b68       0x88 ..\obj\ySpiDrv.o
 .debug_aranges
                0x00001bf0       0x40 ..\obj\usart.o
 .debug_aranges
                0x00001c30       0x80 ..\obj\yUtil.o

.debug_ranges   0x00000000     0x1a48
 .debug_ranges  0x00000000       0x90 ..\obj\blinky.o
 .debug_ranges  0x00000090       0x68 ..\obj\DualH_Drv8833MotorLoop.o
 .debug_ranges  0x000000f8       0xb8 ..\obj\usb_core.o
 .debug_ranges  0x000001b0      0x2e0 ..\obj\stm32f10x_tim.o
 .debug_ranges  0x00000490       0x20 ..\obj\cmdline.o
 .debug_ranges  0x000004b0       0xa8 ..\obj\stmLin.o
 .debug_ranges  0x00000558       0x18 ..\obj\usb_int.o
 .debug_ranges  0x00000570       0x28 ..\obj\system_stm32f10x.o
 .debug_ranges  0x00000598      0x120 ..\obj\stmEnc28J60.o
 .debug_ranges  0x000006b8       0xb0 ..\obj\usbvcpLoop.o
 .debug_ranges  0x00000768      0x1e0 ..\obj\usb_regs.o
 .debug_ranges  0x00000948      0x168 ..\obj\yPrintf.o
 .debug_ranges  0x00000ab0       0xd0 ..\obj\stm32f10x_can.o
 .debug_ranges  0x00000b80       0xa0 ..\obj\stm32f10x_gpio.o
 .debug_ranges  0x00000c20       0x78 ..\obj\usb_prop.o
 .debug_ranges  0x00000c98       0x30 ..\obj\usb_pwr.o
 .debug_ranges  0x00000cc8       0xd0 ..\obj\lis3dh.o
 .debug_ranges  0x00000d98       0x68 ..\obj\dtmf.o
 .debug_ranges  0x00000e00       0x10 ..\obj\usb_init.o
 .debug_ranges  0x00000e10       0x88 ..\obj\main.o
 .debug_ranges  0x00000e98       0x48 ..\obj\yCanLoop.o
 .debug_ranges  0x00000ee0       0x38 ..\obj\yI2cDrv.o
 .debug_ranges  0x00000f18      0x108 ..\obj\stm32f10x_rcc.o
 .debug_ranges  0x00001020       0x18 ..\obj\startup_stm32f10x_cl.o
 .debug_ranges  0x00001038       0x48 ..\obj\stm32f10x_exti.o
 .debug_ranges  0x00001080      0x128 ..\obj\stm32f10x_adc.o
 .debug_ranges  0x000011a8       0xf0 ..\obj\stm32f10x_usart.o
 .debug_ranges  0x00001298       0x30 ..\obj\stmArinc429spi.o
 .debug_ranges  0x000012c8       0x20 ..\obj\usb_sil.o
 .debug_ranges  0x000012e8      0x2c0 ..\obj\stmLIS3MDL.o
 .debug_ranges  0x000015a8       0xe8 ..\obj\tca8418_mcdu.o
 .debug_ranges  0x00001690       0x20 ..\obj\usb_endp.o
 .debug_ranges  0x000016b0       0xc0 ..\obj\stm32f10x_spi.o
 .debug_ranges  0x00001770      0x118 ..\obj\stm32f10x_i2c.o
 .debug_ranges  0x00001888       0x18 ..\obj\usb_mem.o
 .debug_ranges  0x000018a0       0x10 ..\obj\usb_istr.o
 .debug_ranges  0x000018b0       0x80 ..\obj\stmMdioBitBang.o
 .debug_ranges  0x00001930       0x78 ..\obj\ySpiDrv.o
 .debug_ranges  0x000019a8       0x30 ..\obj\usart.o
 .debug_ranges  0x000019d8       0x70 ..\obj\yUtil.o

.debug_line     0x00000000     0xa056
 .debug_line    0x00000000      0x3d7 ..\obj\blinky.o
 .debug_line    0x000003d7      0x311 ..\obj\DualH_Drv8833MotorLoop.o
 .debug_line    0x000006e8      0x4ac ..\obj\usb_core.o
 .debug_line    0x00000b94      0xa3a ..\obj\stm32f10x_tim.o
 .debug_line    0x000015ce       0xdf ..\obj\cmdline.o
 .debug_line    0x000016ad      0x4ae ..\obj\stmLin.o
 .debug_line    0x00001b5b      0x267 ..\obj\usb_int.o
 .debug_line    0x00001dc2      0x20e ..\obj\system_stm32f10x.o
 .debug_line    0x00001fd0      0x52b ..\obj\stmEnc28J60.o
 .debug_line    0x000024fb      0x4a3 ..\obj\usbvcpLoop.o
 .debug_line    0x0000299e      0x122 ..\obj\usb_desc.o
 .debug_line    0x00002ac0      0x691 ..\obj\usb_regs.o
 .debug_line    0x00003151      0x9eb ..\obj\yPrintf.o
 .debug_line    0x00003b3c      0x52b ..\obj\stm32f10x_can.o
 .debug_line    0x00004067      0x380 ..\obj\stm32f10x_gpio.o
 .debug_line    0x000043e7      0x2e7 ..\obj\usb_prop.o
 .debug_line    0x000046ce      0x2ec ..\obj\usb_pwr.o
 .debug_line    0x000049ba      0x4c4 ..\obj\lis3dh.o
 .debug_line    0x00004e7e      0x518 ..\obj\dtmf.o
 .debug_line    0x00005396      0x17d ..\obj\usb_init.o
 .debug_line    0x00005513      0x3fb ..\obj\main.o
 .debug_line    0x0000590e      0x38b ..\obj\yCanLoop.o
 .debug_line    0x00005c99      0x3f2 ..\obj\yI2cDrv.o
 .debug_line    0x0000608b      0x47c ..\obj\stm32f10x_rcc.o
 .debug_line    0x00006507       0xa4 ..\obj\startup_stm32f10x_cl.o
 .debug_line    0x000065ab      0x264 ..\obj\stm32f10x_exti.o
 .debug_line    0x0000680f      0x4e1 ..\obj\stm32f10x_adc.o
 .debug_line    0x00006cf0      0x459 ..\obj\stm32f10x_usart.o
 .debug_line    0x00007149      0x2df ..\obj\stmArinc429spi.o
 .debug_line    0x00007428      0x1a3 ..\obj\usb_sil.o
 .debug_line    0x000075cb      0xa98 ..\obj\stmLIS3MDL.o
 .debug_line    0x00008063      0x47d ..\obj\tca8418_mcdu.o
 .debug_line    0x000084e0      0x1af ..\obj\usb_endp.o
 .debug_line    0x0000868f      0x3e1 ..\obj\stm32f10x_spi.o
 .debug_line    0x00008a70      0x4ab ..\obj\stm32f10x_i2c.o
 .debug_line    0x00008f1b      0x18c ..\obj\usb_mem.o
 .debug_line    0x000090a7      0x1e9 ..\obj\usb_istr.o
 .debug_line    0x00009290      0x42b ..\obj\stmMdioBitBang.o
 .debug_line    0x000096bb      0x3db ..\obj\ySpiDrv.o
 .debug_line    0x00009a96      0x27b ..\obj\usart.o
 .debug_line    0x00009d11      0x345 ..\obj\yUtil.o

.debug_str      0x00000000     0x88b0
 .debug_str     0x00000000      0x405 ..\obj\blinky.o
                                0x46d (size before relaxing)
 .debug_str     0x00000405      0x3a3 ..\obj\DualH_Drv8833MotorLoop.o
                                0x699 (size before relaxing)
 .debug_str     0x000007a8      0x7a8 ..\obj\usb_core.o
                                0xa43 (size before relaxing)
 .debug_str     0x00000f50      0x9f7 ..\obj\stm32f10x_tim.o
                                0xdd3 (size before relaxing)
 .debug_str     0x00001947       0xdd ..\obj\cmdline.o
                                0x1f1 (size before relaxing)
 .debug_str     0x00001a24      0x6cd ..\obj\stmLin.o
                                0xa31 (size before relaxing)
 .debug_str     0x000020f1       0x79 ..\obj\usb_int.o
                                0x1e6 (size before relaxing)
 .debug_str     0x0000216a      0x186 ..\obj\system_stm32f10x.o
                                0x304 (size before relaxing)
 .debug_str     0x000022f0      0x37f ..\obj\stmEnc28J60.o
                                0x551 (size before relaxing)
 .debug_str     0x0000266f      0x4d0 ..\obj\usbvcpLoop.o
                                0xd13 (size before relaxing)
 .debug_str     0x00002b3f       0xe1 ..\obj\usb_desc.o
                                0x225 (size before relaxing)
 .debug_str     0x00002c20      0x405 ..\obj\usb_regs.o
                                0x56f (size before relaxing)
 .debug_str     0x00003025      0x82a ..\obj\yPrintf.o
                                0xafb (size before relaxing)
 .debug_str     0x0000384f      0x516 ..\obj\stm32f10x_can.o
                                0x724 (size before relaxing)
 .debug_str     0x00003d65      0x249 ..\obj\stm32f10x_gpio.o
                                0x51f (size before relaxing)
 .debug_str     0x00003fae      0x236 ..\obj\usb_prop.o
                                0x945 (size before relaxing)
 .debug_str     0x000041e4      0x153 ..\obj\usb_pwr.o
                                0x3e8 (size before relaxing)
 .debug_str     0x00004337      0x4ac ..\obj\lis3dh.o
                                0xc97 (size before relaxing)
 .debug_str     0x000047e3      0x32c ..\obj\dtmf.o
                                0xb0f (size before relaxing)
 .debug_str     0x00004b0f       0x55 ..\obj\usb_init.o
                                0x527 (size before relaxing)
 .debug_str     0x00004b64      0x3b3 ..\obj\main.o
                                0xc20 (size before relaxing)
 .debug_str     0x00004f17      0x24f ..\obj\yCanLoop.o
                                0xba8 (size before relaxing)
 .debug_str     0x00005166      0x1c6 ..\obj\yI2cDrv.o
                                0x55b (size before relaxing)
 .debug_str     0x0000532c      0x362 ..\obj\stm32f10x_rcc.o
                                0x610 (size before relaxing)
 .debug_str     0x0000568e       0xb2 ..\obj\startup_stm32f10x_cl.o
                                0x1c6 (size before relaxing)
 .debug_str     0x00005740      0x107 ..\obj\stm32f10x_exti.o
                                0x33f (size before relaxing)
 .debug_str     0x00005847      0x461 ..\obj\stm32f10x_adc.o
                                0x6f1 (size before relaxing)
 .debug_str     0x00005ca8      0x393 ..\obj\stm32f10x_usart.o
                                0x686 (size before relaxing)
 .debug_str     0x0000603b      0x1de ..\obj\stmArinc429spi.o
                                0xa3a (size before relaxing)
 .debug_str     0x00006219       0x97 ..\obj\usb_sil.o
                                0x1f5 (size before relaxing)
 .debug_str     0x000062b0     0x1586 ..\obj\stmLIS3MDL.o
                               0x1d81 (size before relaxing)
 .debug_str     0x00007836      0x309 ..\obj\tca8418_mcdu.o
                                0xb24 (size before relaxing)
 .debug_str     0x00007b3f       0x94 ..\obj\usb_endp.o
                                0x28e (size before relaxing)
 .debug_str     0x00007bd3      0x2ba ..\obj\stm32f10x_spi.o
                                0x5f3 (size before relaxing)
 .debug_str     0x00007e8d      0x32c ..\obj\stm32f10x_i2c.o
                                0x670 (size before relaxing)
 .debug_str     0x000081b9       0x99 ..\obj\usb_mem.o
                                0x1e7 (size before relaxing)
 .debug_str     0x00008252       0x64 ..\obj\usb_istr.o
                                0x398 (size before relaxing)
 .debug_str     0x000082b6      0x27c ..\obj\stmMdioBitBang.o
                                0x602 (size before relaxing)
 .debug_str     0x00008532      0x169 ..\obj\ySpiDrv.o
                                0x55d (size before relaxing)
 .debug_str     0x0000869b       0x7f ..\obj\usart.o
                                0x4ef (size before relaxing)
 .debug_str     0x0000871a      0x196 ..\obj\yUtil.o
                                0x491 (size before relaxing)

.debug_frame    0x00000000     0x6000
 .debug_frame   0x00000000      0x210 ..\obj\blinky.o
 .debug_frame   0x00000210      0x184 ..\obj\DualH_Drv8833MotorLoop.o
 .debug_frame   0x00000394      0x254 ..\obj\usb_core.o
 .debug_frame   0x000005e8      0xa20 ..\obj\stm32f10x_tim.o
 .debug_frame   0x00001008       0x6c ..\obj\cmdline.o
 .debug_frame   0x00001074      0x274 ..\obj\stmLin.o
 .debug_frame   0x000012e8       0x50 ..\obj\usb_int.o
 .debug_frame   0x00001338       0x80 ..\obj\system_stm32f10x.o
 .debug_frame   0x000013b8      0x3f0 ..\obj\stmEnc28J60.o
 .debug_frame   0x000017a8      0x27c ..\obj\usbvcpLoop.o
 .debug_frame   0x00001a24      0x684 ..\obj\usb_regs.o
 .debug_frame   0x000020a8      0x594 ..\obj\yPrintf.o
 .debug_frame   0x0000263c      0x2d4 ..\obj\stm32f10x_can.o
 .debug_frame   0x00002910      0x22c ..\obj\stm32f10x_gpio.o
 .debug_frame   0x00002b3c      0x1a0 ..\obj\usb_prop.o
 .debug_frame   0x00002cdc       0xa8 ..\obj\usb_pwr.o
 .debug_frame   0x00002d84      0x31c ..\obj\lis3dh.o
 .debug_frame   0x000030a0      0x180 ..\obj\dtmf.o
 .debug_frame   0x00003220       0x2c ..\obj\usb_init.o
 .debug_frame   0x0000324c      0x1dc ..\obj\main.o
 .debug_frame   0x00003428      0x110 ..\obj\yCanLoop.o
 .debug_frame   0x00003538       0xd0 ..\obj\yI2cDrv.o
 .debug_frame   0x00003608      0x388 ..\obj\stm32f10x_rcc.o
 .debug_frame   0x00003990       0x48 ..\obj\startup_stm32f10x_cl.o
 .debug_frame   0x000039d8       0xec ..\obj\stm32f10x_exti.o
 .debug_frame   0x00003ac4      0x400 ..\obj\stm32f10x_adc.o
 .debug_frame   0x00003ec4      0x344 ..\obj\stm32f10x_usart.o
 .debug_frame   0x00004208       0xac ..\obj\stmArinc429spi.o
 .debug_frame   0x000042b4       0x68 ..\obj\usb_sil.o
 .debug_frame   0x0000431c      0xad8 ..\obj\stmLIS3MDL.o
 .debug_frame   0x00004df4      0x384 ..\obj\tca8418_mcdu.o
 .debug_frame   0x00005178       0x6c ..\obj\usb_endp.o
 .debug_frame   0x000051e4      0x29c ..\obj\stm32f10x_spi.o
 .debug_frame   0x00005480      0x3d0 ..\obj\stm32f10x_i2c.o
 .debug_frame   0x00005850       0x48 ..\obj\usb_mem.o
 .debug_frame   0x00005898       0x30 ..\obj\usb_istr.o
 .debug_frame   0x000058c8      0x1ec ..\obj\stmMdioBitBang.o
 .debug_frame   0x00005ab4      0x1d0 ..\obj\ySpiDrv.o
 .debug_frame   0x00005c84       0xb0 ..\obj\usart.o
 .debug_frame   0x00005d34      0x18c ..\obj\yUtil.o
 .debug_frame   0x00005ec0       0x2c c:/coocox/gcc-arm-none-eabi-4_8-2014q3-20140805-win32/bin/../lib/gcc/arm-none-eabi/4.8.4/../../../../arm-none-eabi/lib/armv7-m\libc.a(lib_a-memset.o)
 .debug_frame   0x00005eec       0x50 c:/coocox/gcc-arm-none-eabi-4_8-2014q3-20140805-win32/bin/../lib/gcc/arm-none-eabi/4.8.4/../../../../arm-none-eabi/lib/armv7-m\libc.a(lib_a-strtol.o)
 .debug_frame   0x00005f3c       0x48 c:/coocox/gcc-arm-none-eabi-4_8-2014q3-20140805-win32/bin/../lib/gcc/arm-none-eabi/4.8.4/../../../../arm-none-eabi/lib/armv7-m\libc.a(lib_a-__call_atexit.o)
 .debug_frame   0x00005f84       0x20 c:/coocox/gcc-arm-none-eabi-4_8-2014q3-20140805-win32/bin/../lib/gcc/arm-none-eabi/4.8.4/../../../../arm-none-eabi/lib/armv7-m\libc.a(lib_a-atexit.o)
 .debug_frame   0x00005fa4       0x2c c:/coocox/gcc-arm-none-eabi-4_8-2014q3-20140805-win32/bin/../lib/gcc/arm-none-eabi/4.8.4/../../../../arm-none-eabi/lib/armv7-m\libc.a(lib_a-fini.o)
 .debug_frame   0x00005fd0       0x30 c:/coocox/gcc-arm-none-eabi-4_8-2014q3-20140805-win32/bin/../lib/gcc/arm-none-eabi/4.8.4/../../../../arm-none-eabi/lib/armv7-m\libc.a(lib_a-__atexit.o)
